Archive member included to satisfy reference by file (symbol)

/usr/lib/gcc/arm-none-eabi/4.9.3/../../../arm-none-eabi/lib/armv7e-m/fpu/libc_nano.a(lib_a-atexit.o)
                              /usr/lib/gcc/arm-none-eabi/4.9.3/../../../arm-none-eabi/lib/armv7e-m/fpu/crt0.o (atexit)
/usr/lib/gcc/arm-none-eabi/4.9.3/../../../arm-none-eabi/lib/armv7e-m/fpu/libc_nano.a(lib_a-exit.o)
                              /usr/lib/gcc/arm-none-eabi/4.9.3/../../../arm-none-eabi/lib/armv7e-m/fpu/crt0.o (exit)
/usr/lib/gcc/arm-none-eabi/4.9.3/../../../arm-none-eabi/lib/armv7e-m/fpu/libc_nano.a(lib_a-fini.o)
                              /usr/lib/gcc/arm-none-eabi/4.9.3/../../../arm-none-eabi/lib/armv7e-m/fpu/crt0.o (__libc_fini_array)
/usr/lib/gcc/arm-none-eabi/4.9.3/../../../arm-none-eabi/lib/armv7e-m/fpu/libc_nano.a(lib_a-impure.o)
                              /usr/lib/gcc/arm-none-eabi/4.9.3/../../../arm-none-eabi/lib/armv7e-m/fpu/libc_nano.a(lib_a-exit.o) (_global_impure_ptr)
/usr/lib/gcc/arm-none-eabi/4.9.3/../../../arm-none-eabi/lib/armv7e-m/fpu/libc_nano.a(lib_a-init.o)
                              /usr/lib/gcc/arm-none-eabi/4.9.3/../../../arm-none-eabi/lib/armv7e-m/fpu/crt0.o (__libc_init_array)
/usr/lib/gcc/arm-none-eabi/4.9.3/../../../arm-none-eabi/lib/armv7e-m/fpu/libc_nano.a(lib_a-memcpy.o)
                              build/xl_320.o (memcpy)
/usr/lib/gcc/arm-none-eabi/4.9.3/../../../arm-none-eabi/lib/armv7e-m/fpu/libc_nano.a(lib_a-memset.o)
                              /usr/lib/gcc/arm-none-eabi/4.9.3/../../../arm-none-eabi/lib/armv7e-m/fpu/crt0.o (memset)
/usr/lib/gcc/arm-none-eabi/4.9.3/../../../arm-none-eabi/lib/armv7e-m/fpu/libc_nano.a(lib_a-sprintf.o)
                              build/main.o (sprintf)
/usr/lib/gcc/arm-none-eabi/4.9.3/../../../arm-none-eabi/lib/armv7e-m/fpu/libc_nano.a(lib_a-strcat.o)
                              build/main.o (strcat)
/usr/lib/gcc/arm-none-eabi/4.9.3/../../../arm-none-eabi/lib/armv7e-m/fpu/libc_nano.a(lib_a-strcpy.o)
                              build/vl53l0x_api_core.o (strcpy)
/usr/lib/gcc/arm-none-eabi/4.9.3/../../../arm-none-eabi/lib/armv7e-m/fpu/libc_nano.a(lib_a-strlen.o)
                              build/main.o (strlen)
/usr/lib/gcc/arm-none-eabi/4.9.3/../../../arm-none-eabi/lib/armv7e-m/fpu/libc_nano.a(lib_a-__atexit.o)
                              /usr/lib/gcc/arm-none-eabi/4.9.3/../../../arm-none-eabi/lib/armv7e-m/fpu/libc_nano.a(lib_a-atexit.o) (__register_exitproc)
/usr/lib/gcc/arm-none-eabi/4.9.3/../../../arm-none-eabi/lib/armv7e-m/fpu/libc_nano.a(lib_a-__call_atexit.o)
                              /usr/lib/gcc/arm-none-eabi/4.9.3/../../../arm-none-eabi/lib/armv7e-m/fpu/libc_nano.a(lib_a-__atexit.o) (__call_exitprocs)
/usr/lib/gcc/arm-none-eabi/4.9.3/../../../arm-none-eabi/lib/armv7e-m/fpu/libc_nano.a(lib_a-nano-svfprintf.o)
                              /usr/lib/gcc/arm-none-eabi/4.9.3/../../../arm-none-eabi/lib/armv7e-m/fpu/libc_nano.a(lib_a-sprintf.o) (_svfprintf_r)
/usr/lib/gcc/arm-none-eabi/4.9.3/../../../arm-none-eabi/lib/armv7e-m/fpu/libc_nano.a(lib_a-nano-vfprintf_i.o)
                              /usr/lib/gcc/arm-none-eabi/4.9.3/../../../arm-none-eabi/lib/armv7e-m/fpu/libc_nano.a(lib_a-nano-svfprintf.o) (_printf_i)
/usr/lib/gcc/arm-none-eabi/4.9.3/../../../arm-none-eabi/lib/armv7e-m/fpu/libc_nano.a(lib_a-memchr.o)
                              /usr/lib/gcc/arm-none-eabi/4.9.3/../../../arm-none-eabi/lib/armv7e-m/fpu/libc_nano.a(lib_a-nano-svfprintf.o) (memchr)
/usr/lib/gcc/arm-none-eabi/4.9.3/../../../arm-none-eabi/lib/armv7e-m/fpu/libc_nano.a(lib_a-memmove.o)
                              /usr/lib/gcc/arm-none-eabi/4.9.3/../../../arm-none-eabi/lib/armv7e-m/fpu/libc_nano.a(lib_a-nano-svfprintf.o) (memmove)
/usr/lib/gcc/arm-none-eabi/4.9.3/../../../arm-none-eabi/lib/armv7e-m/fpu/libc_nano.a(lib_a-nano-freer.o)
                              /usr/lib/gcc/arm-none-eabi/4.9.3/../../../arm-none-eabi/lib/armv7e-m/fpu/libc_nano.a(lib_a-nano-svfprintf.o) (_free_r)
/usr/lib/gcc/arm-none-eabi/4.9.3/../../../arm-none-eabi/lib/armv7e-m/fpu/libc_nano.a(lib_a-nano-mallocr.o)
                              /usr/lib/gcc/arm-none-eabi/4.9.3/../../../arm-none-eabi/lib/armv7e-m/fpu/libc_nano.a(lib_a-nano-svfprintf.o) (_malloc_r)
/usr/lib/gcc/arm-none-eabi/4.9.3/../../../arm-none-eabi/lib/armv7e-m/fpu/libc_nano.a(lib_a-nano-reallocr.o)
                              /usr/lib/gcc/arm-none-eabi/4.9.3/../../../arm-none-eabi/lib/armv7e-m/fpu/libc_nano.a(lib_a-nano-svfprintf.o) (_realloc_r)
/usr/lib/gcc/arm-none-eabi/4.9.3/../../../arm-none-eabi/lib/armv7e-m/fpu/libc_nano.a(lib_a-sbrkr.o)
                              /usr/lib/gcc/arm-none-eabi/4.9.3/../../../arm-none-eabi/lib/armv7e-m/fpu/libc_nano.a(lib_a-nano-mallocr.o) (_sbrk_r)
/usr/lib/gcc/arm-none-eabi/4.9.3/../../../arm-none-eabi/lib/armv7e-m/fpu/libc_nano.a(lib_a-nano-msizer.o)
[...]
Memory Configuration

Name             Origin             Length             Attributes
RAM              0x0000000020000000 0x0000000000018000 xrw
FLASH            0x0000000008000000 0x0000000000080000 xr
*default*        0x0000000000000000 0xffffffffffffffff

Linker script and memory map

LOAD /usr/lib/gcc/arm-none-eabi/4.9.3/armv7e-m/fpu/crti.o
LOAD /usr/lib/gcc/arm-none-eabi/4.9.3/armv7e-m/fpu/crtbegin.o
LOAD /usr/lib/gcc/arm-none-eabi/4.9.3/../../../arm-none-eabi/lib/armv7e-m/fpu/crt0.o
LOAD build/xl_320.o
LOAD build/stm32f4xx_hal_i2c_ex.o
LOAD build/stm32f4xx_hal_cortex.o
LOAD build/system_stm32f4xx.o
LOAD build/stm32f4xx_hal_dma_ex.o
LOAD build/stm32f4xx_hal_rcc_ex.o
LOAD build/stm32f4xx_hal_flash.o
LOAD build/stm32f4xx_hal_i2c.o
LOAD build/stm32f4xx_hal_flash_ex.o
LOAD build/main.o
LOAD build/stm32f4xx_hal_pwr_ex.o
LOAD build/stm32f4xx_hal_dma.o
LOAD build/stm32f4xx_hal.o
LOAD build/stm32f4xx_it.o
LOAD build/stm32f4xx_hal_msp.o
LOAD build/stm32f4xx_hal_gpio.o
LOAD build/stm32f4xx_hal_pwr.o
LOAD build/stm32f4xx_hal_rcc.o
LOAD build/stm32f4xx_hal_flash_ramfunc.o
LOAD build/X-NUCLEO-53L0A1.o
LOAD build/vl53l0x_api.o
LOAD build/vl53l0x_api_calibration.o
LOAD build/vl53l0x_api_core.o
LOAD build/vl53l0x_api_ranging.o
LOAD build/vl53l0x_api_strings.o
LOAD build/vl53l0x_platform_log.o
LOAD build/vl53l0x_platform.o
LOAD build/stm32f4xx_hal_tim.o
LOAD build/stm32f4xx_hal_tim_ex.o
LOAD build/stm32f4xx_hal_uart.o
LOAD build/startup_stm32f401xe.o
LOAD /usr/lib/gcc/arm-none-eabi/4.9.3/../../../arm-none-eabi/lib/armv7e-m/fpu/libc_nano.a
LOAD /usr/lib/gcc/arm-none-eabi/4.9.3/../../../arm-none-eabi/lib/armv7e-m/fpu/libm.a
LOAD /usr/lib/gcc/arm-none-eabi/4.9.3/../../../arm-none-eabi/lib/armv7e-m/fpu/libnosys.a
START GROUP
LOAD /usr/lib/gcc/arm-none-eabi/4.9.3/armv7e-m/fpu/libgcc.a
LOAD /usr/lib/gcc/arm-none-eabi/4.9.3/../../../arm-none-eabi/lib/armv7e-m/fpu/libc_nano.a
END GROUP
START GROUP
LOAD /usr/lib/gcc/arm-none-eabi/4.9.3/armv7e-m/fpu/libgcc.a
LOAD /usr/lib/gcc/arm-none-eabi/4.9.3/../../../arm-none-eabi/lib/armv7e-m/fpu/libc_nano.a
END GROUP
LOAD /usr/lib/gcc/arm-none-eabi/4.9.3/armv7e-m/fpu/crtend.o
LOAD /usr/lib/gcc/arm-none-eabi/4.9.3/armv7e-m/fpu/crtn.o
                0x0000000020018000                _estack = 0x20018000
                0x0000000000000200                _Min_Heap_Size = 0x200
                0x0000000000000400                _Min_Stack_Size = 0x400

.isr_vector     0x0000000008000000      0x194
                0x0000000008000000                . = ALIGN (0x4)
 *(.isr_vector)
 .isr_vector    0x0000000008000000      0x194 build/startup_stm32f401xe.o
                0x0000000008000000                g_pfnVectors
                0x0000000008000194                . = ALIGN (0x4)

.text           0x0000000008000194     0x6a9c
                0x0000000008000194                . = ALIGN (0x4)
 *(.text)
 .text          0x0000000008000194       0xa4 /usr/lib/gcc/arm-none-eabi/4.9.3/armv7e-m/fpu/crtbegin.o
 *(.text*)
 .text.XL_FSM_HEADER_0
                0x0000000008000238       0x18 build/xl_320.o
                0x0000000008000238                XL_FSM_HEADER_0
 .text.XL_FSM_HEADER_1
                0x0000000008000250       0x24 build/xl_320.o
                0x0000000008000250                XL_FSM_HEADER_1
 .text.XL_FSM_HEADER_2
                0x0000000008000274       0x24 build/xl_320.o
                0x0000000008000274                XL_FSM_HEADER_2
 .text.XL_FSM_HEADER_3
                0x0000000008000298       0x24 build/xl_320.o
                0x0000000008000298                XL_FSM_HEADER_3
 .text.XL_FSM_ID
                0x00000000080002bc       0x28 build/xl_320.o
                0x00000000080002bc                XL_FSM_ID
 .text.XL_FSM_LENGTH_LOW
                0x00000000080002e4       0x14 build/xl_320.o
                0x00000000080002e4                XL_FSM_LENGTH_LOW
 .text.XL_FSM_LENGTH_HIGH
                0x00000000080002f8       0x34 build/xl_320.o
                0x00000000080002f8                XL_FSM_LENGTH_HIGH
 .text.XL_FSM_INSTRUCTION
                0x000000000800032c       0x2c build/xl_320.o
                0x000000000800032c                XL_FSM_INSTRUCTION
 .text.XL_FSM_RECEIVING
                0x0000000008000358       0x18 build/xl_320.o
                0x0000000008000358                XL_FSM_RECEIVING
 .text.XL_Update_CRC
                0x0000000008000370       0x40 build/xl_320.o
                0x0000000008000370                XL_Update_CRC
 .text.XL_Extract_Status_Packet
                0x00000000080003b0       0x90 build/xl_320.o
                0x00000000080003b0                XL_Extract_Status_Packet
 .text.XL_Receive
                0x0000000008000440       0x9c build/xl_320.o
                0x0000000008000440                XL_Receive
 .text.XL_Build_Frame
                0x00000000080004dc       0xcc build/xl_320.o
                0x00000000080004dc                XL_Build_Frame
 .text.XL_Send  0x00000000080005a8       0x40 build/xl_320.o
                0x00000000080005a8                XL_Send
 .text.XL_Check_Status
                0x00000000080005e8       0x1c build/xl_320.o
                0x00000000080005e8                XL_Check_Status
 .text.XL_Ping  0x0000000008000604       0x50 build/xl_320.o
                0x0000000008000604                XL_Ping
 .text.XL_Discover
                0x0000000008000654       0x58 build/xl_320.o
                0x0000000008000654                XL_Discover
 .text.XL_Read  0x00000000080006ac       0x9c build/xl_320.o
                0x00000000080006ac                XL_Read
 .text.XL_Get_Current_Position
                0x0000000008000748        0xc build/xl_320.o
                0x0000000008000748                XL_Get_Current_Position
 .text.XL_Get_Hardware_Error
                0x0000000008000754        0xc build/xl_320.o
                0x0000000008000754                XL_Get_Hardware_Error
 .text.XL_Check_Alert
                0x0000000008000760       0x34 build/xl_320.o
                0x0000000008000760                XL_Check_Alert
 .text.XL_Write
                0x0000000008000794       0x84 build/xl_320.o
                0x0000000008000794                XL_Write
 .text.XL_Power_On
                0x0000000008000818       0x18 build/xl_320.o
                0x0000000008000818                XL_Power_On
 .text.XL_Set_LED
                0x0000000008000830       0x2c build/xl_320.o
                0x0000000008000830                XL_Set_LED
 .text.XL_Say_Hello
                0x000000000800085c       0x54 build/xl_320.o
                0x000000000800085c                XL_Say_Hello
 .text.XL_Set_Goal_Position
                0x00000000080008b0       0x2c build/xl_320.o
                0x00000000080008b0                XL_Set_Goal_Position
 .text.HAL_NVIC_SetPriorityGrouping
                0x00000000080008dc       0x24 build/stm32f4xx_hal_cortex.o
                0x00000000080008dc                HAL_NVIC_SetPriorityGrouping
 .text.HAL_NVIC_SetPriority
                0x0000000008000900       0x64 build/stm32f4xx_hal_cortex.o
                0x0000000008000900                HAL_NVIC_SetPriority
 .text.HAL_NVIC_EnableIRQ
                0x0000000008000964       0x18 build/stm32f4xx_hal_cortex.o
                0x0000000008000964                HAL_NVIC_EnableIRQ
 .text.HAL_SYSTICK_Config
                0x000000000800097c       0x2c build/stm32f4xx_hal_cortex.o
                0x000000000800097c                HAL_SYSTICK_Config
 .text.HAL_NVIC_ClearPendingIRQ
                0x00000000080009a8       0x18 build/stm32f4xx_hal_cortex.o
                0x00000000080009a8                HAL_NVIC_ClearPendingIRQ
 .text.HAL_SYSTICK_Callback
                0x00000000080009c0        0x4 build/stm32f4xx_hal_cortex.o
                0x00000000080009c0                HAL_SYSTICK_Callback
 .text.HAL_SYSTICK_IRQHandler
                0x00000000080009c4        0x8 build/stm32f4xx_hal_cortex.o
                0x00000000080009c4                HAL_SYSTICK_IRQHandler
 .text.SystemInit
                0x00000000080009cc       0x4c build/system_stm32f4xx.o
                0x00000000080009cc                SystemInit
 .text.I2C_WaitOnMasterAddressFlagUntilTimeout
                0x0000000008000a18       0x94 build/stm32f4xx_hal_i2c.o
 .text.I2C_WaitOnFlagUntilTimeout
                0x0000000008000aac       0xcc build/stm32f4xx_hal_i2c.o
 .text.I2C_MasterRequestWrite
                0x0000000008000b78       0x94 build/stm32f4xx_hal_i2c.o
 .text.I2C_MasterRequestRead
                0x0000000008000c0c       0xe8 build/stm32f4xx_hal_i2c.o
 .text.HAL_I2C_Init
                0x0000000008000cf4      0x110 build/stm32f4xx_hal_i2c.o
                0x0000000008000cf4                HAL_I2C_Init
 .text.HAL_I2C_Master_Transmit
                0x0000000008000e04      0x104 build/stm32f4xx_hal_i2c.o
                0x0000000008000e04                HAL_I2C_Master_Transmit
 .text.HAL_I2C_Master_Receive
                0x0000000008000f08      0x208 build/stm32f4xx_hal_i2c.o
                0x0000000008000f08                HAL_I2C_Master_Receive
 .text.XL_320_Delay_HAL
                0x0000000008001110        0x8 build/main.o
                0x0000000008001110                XL_320_Delay_HAL
 .text.XL_320_Send_HAL
                0x0000000008001118       0x20 build/main.o
                0x0000000008001118                XL_320_Send_HAL
 .text.XL_320_Set_Direction_HAL
                0x0000000008001138       0x18 build/main.o
                0x0000000008001138                XL_320_Set_Direction_HAL
 .text.XL_320_Receive_HAL
                0x0000000008001150       0x20 build/main.o
                0x0000000008001150                XL_320_Receive_HAL
 .text.MX_GPIO_Init
                0x0000000008001170       0xe4 build/main.o
 .text.SystemClock_Config
                0x0000000008001254       0x68 build/main.o
 .text.MX_I2C1_Init
                0x00000000080012bc       0x34 build/main.o
 .text.MX_TIM3_Init
                0x00000000080012f0       0x4c build/main.o
 .text.MX_USART2_UART_Init
                0x000000000800133c       0x2c build/main.o
 .text.MX_USART1_UART_Init
                0x0000000008001368       0x30 build/main.o
 .text.TimeStamp_Reset
                0x0000000008001398       0x18 build/main.o
                0x0000000008001398                TimeStamp_Reset
 .text.BSP_GetPushButton
                0x00000000080013b0       0x14 build/main.o
                0x00000000080013b0                BSP_GetPushButton
 .text.PusbButton_WaitUnPress
                0x00000000080013c4       0x3c build/main.o
                0x00000000080013c4                PusbButton_WaitUnPress
 .text.HandleError
                0x0000000008001400       0x1c build/main.o
                0x0000000008001400                HandleError
 .text.DetectSensors
                0x000000000800141c      0x154 build/main.o
                0x000000000800141c                DetectSensors
 .text.SetupSingleShot
                0x0000000008001570      0x124 build/main.o
                0x0000000008001570                SetupSingleShot
 .text.RangeToLetter
                0x0000000008001694       0x30 build/main.o
                0x0000000008001694                RangeToLetter
 .text.Sensor_SetNewRange
                0x00000000080016c4       0x48 build/main.o
                0x00000000080016c4                Sensor_SetNewRange
 .text.blink_led
                0x000000000800170c       0x34 build/main.o
                0x000000000800170c                blink_led
 .text.Variation3Angle_maison
                0x0000000008001740       0xd4 build/main.o
                0x0000000008001740                Variation3Angle_maison
 .text.RangeDemo
                0x0000000008001814      0x1a4 build/main.o
                0x0000000008001814                RangeDemo
 .text.ResetAndDetectSensor
                0x00000000080019b8       0x24 build/main.o
                0x00000000080019b8                ResetAndDetectSensor
 .text.main     0x00000000080019dc      0x128 build/main.o
                0x00000000080019dc                main
 .text.HAL_TIM_PeriodElapsedCallback
                0x0000000008001b04       0x20 build/main.o
                0x0000000008001b04                HAL_TIM_PeriodElapsedCallback
 .text.HAL_InitTick
                0x0000000008001b24       0x28 build/stm32f4xx_hal.o
                0x0000000008001b24                HAL_InitTick
 .text.HAL_Init
                0x0000000008001b4c       0x34 build/stm32f4xx_hal.o
                0x0000000008001b4c                HAL_Init
 .text.HAL_IncTick
                0x0000000008001b80       0x10 build/stm32f4xx_hal.o
                0x0000000008001b80                HAL_IncTick
 .text.HAL_GetTick
                0x0000000008001b90        0xc build/stm32f4xx_hal.o
                0x0000000008001b90                HAL_GetTick
 .text.HAL_Delay
                0x0000000008001b9c       0x1c build/stm32f4xx_hal.o
                0x0000000008001b9c                HAL_Delay
 .text.SysTick_Handler
                0x0000000008001bb8        0xc build/stm32f4xx_it.o
                0x0000000008001bb8                SysTick_Handler
 .text.TIM3_IRQHandler
                0x0000000008001bc4       0x14 build/stm32f4xx_it.o
                0x0000000008001bc4                TIM3_IRQHandler
 .text.USART1_IRQHandler
                0x0000000008001bd8       0x14 build/stm32f4xx_it.o
                0x0000000008001bd8                USART1_IRQHandler
 .text.USART2_IRQHandler
                0x0000000008001bec       0x14 build/stm32f4xx_it.o
                0x0000000008001bec                USART2_IRQHandler
 .text.HAL_MspInit
                0x0000000008001c00       0x3c build/stm32f4xx_hal_msp.o
                0x0000000008001c00                HAL_MspInit
 .text.HAL_I2C_MspInit
                0x0000000008001c3c       0x4c build/stm32f4xx_hal_msp.o
                0x0000000008001c3c                HAL_I2C_MspInit
 .text.HAL_TIM_Base_MspInit
                0x0000000008001c88       0x30 build/stm32f4xx_hal_msp.o
                0x0000000008001c88                HAL_TIM_Base_MspInit
 .text.HAL_UART_MspInit
                0x0000000008001cb8       0x98 build/stm32f4xx_hal_msp.o
                0x0000000008001cb8                HAL_UART_MspInit
 .text.HAL_GPIO_Init
                0x0000000008001d50      0x1d8 build/stm32f4xx_hal_gpio.o
                0x0000000008001d50                HAL_GPIO_Init
 .text.HAL_GPIO_ReadPin
                0x0000000008001f28       0x10 build/stm32f4xx_hal_gpio.o
                0x0000000008001f28                HAL_GPIO_ReadPin
 .text.HAL_GPIO_WritePin
                0x0000000008001f38        0xc build/stm32f4xx_hal_gpio.o
                0x0000000008001f38                HAL_GPIO_WritePin
 .text.HAL_GPIO_TogglePin
                0x0000000008001f44        0x8 build/stm32f4xx_hal_gpio.o
                0x0000000008001f44                HAL_GPIO_TogglePin
 .text.HAL_RCC_OscConfig
                0x0000000008001f4c      0x3d4 build/stm32f4xx_hal_rcc.o
                0x0000000008001f4c                HAL_RCC_OscConfig
 .text.HAL_RCC_ClockConfig
                0x0000000008002320      0x22c build/stm32f4xx_hal_rcc.o
                0x0000000008002320                HAL_RCC_ClockConfig
 .text.HAL_RCC_GetSysClockFreq
                0x000000000800254c       0xac build/stm32f4xx_hal_rcc.o
                0x000000000800254c                HAL_RCC_GetSysClockFreq
 .text.HAL_RCC_GetHCLKFreq
                0x00000000080025f8       0x38 build/stm32f4xx_hal_rcc.o
                0x00000000080025f8                HAL_RCC_GetHCLKFreq
 .text.HAL_RCC_GetPCLK1Freq
                0x0000000008002630       0x30 build/stm32f4xx_hal_rcc.o
                0x0000000008002630                HAL_RCC_GetPCLK1Freq
 .text.HAL_RCC_GetPCLK2Freq
                0x0000000008002660       0x30 build/stm32f4xx_hal_rcc.o
                0x0000000008002660                HAL_RCC_GetPCLK2Freq
 .text._I2cFailRecover
                0x0000000008002690      0x108 build/X-NUCLEO-53L0A1.o
 .text._ExpanderRd
                0x0000000008002798       0x40 build/X-NUCLEO-53L0A1.o
 .text._ExpanderWR
                0x00000000080027d8       0x34 build/X-NUCLEO-53L0A1.o
 .text._ExpandersSetAllIO
                0x000000000800280c       0x2c build/X-NUCLEO-53L0A1.o
 .text.XNUCLEO53L0A1_I2C1Configure
                0x0000000008002838       0x70 build/X-NUCLEO-53L0A1.o
                0x0000000008002838                XNUCLEO53L0A1_I2C1Configure
 .text.XNUCLEO53L0A1_Init
                0x00000000080028a8       0x9c build/X-NUCLEO-53L0A1.o
                0x00000000080028a8                XNUCLEO53L0A1_Init
 .text.XNUCLEO53L0A1_ResetId
                0x0000000008002944       0x90 build/X-NUCLEO-53L0A1.o
                0x0000000008002944                XNUCLEO53L0A1_ResetId
 .text.XNUCLEO53L0A1_SetDisplayString
                0x00000000080029d4       0x64 build/X-NUCLEO-53L0A1.o
                0x00000000080029d4                XNUCLEO53L0A1_SetDisplayString
 .text.VL53L0X_GetOffsetCalibrationDataMicroMeter
                0x0000000008002a38        0x8 build/vl53l0x_api.o
                0x0000000008002a38                VL53L0X_GetOffsetCalibrationDataMicroMeter
 .text.VL53L0X_SetDeviceAddress
                0x0000000008002a40        0xc build/vl53l0x_api.o
                0x0000000008002a40                VL53L0X_SetDeviceAddress
 .text.VL53L0X_SetDeviceMode
                0x0000000008002a4c       0x2c build/vl53l0x_api.o
                0x0000000008002a4c                VL53L0X_SetDeviceMode
 .text.VL53L0X_GetDeviceMode
                0x0000000008002a78        0x8 build/vl53l0x_api.o
                0x0000000008002a78                VL53L0X_GetDeviceMode
 .text.VL53L0X_GetFractionEnable
                0x0000000008002a80       0x1c build/vl53l0x_api.o
                0x0000000008002a80                VL53L0X_GetFractionEnable
 .text.VL53L0X_SetMeasurementTimingBudgetMicroSeconds
                0x0000000008002a9c        0x8 build/vl53l0x_api.o
                0x0000000008002a9c                VL53L0X_SetMeasurementTimingBudgetMicroSeconds
 .text.VL53L0X_GetMeasurementTimingBudgetMicroSeconds
                0x0000000008002aa4        0x8 build/vl53l0x_api.o
                0x0000000008002aa4                VL53L0X_GetMeasurementTimingBudgetMicroSeconds
 .text.VL53L0X_SetVcselPulsePeriod
                0x0000000008002aac        0x8 build/vl53l0x_api.o
                0x0000000008002aac                VL53L0X_SetVcselPulsePeriod
 .text.VL53L0X_GetVcselPulsePeriod
                0x0000000008002ab4        0x8 build/vl53l0x_api.o
                0x0000000008002ab4                VL53L0X_GetVcselPulsePeriod
 .text.VL53L0X_SetSequenceStepEnable
                0x0000000008002abc       0xb4 build/vl53l0x_api.o
                0x0000000008002abc                VL53L0X_SetSequenceStepEnable
 .text.sequence_step_enabled
                0x0000000008002b70       0x48 build/vl53l0x_api.o
                0x0000000008002b70                sequence_step_enabled
 .text.VL53L0X_GetSequenceStepEnables
                0x0000000008002bb8       0x78 build/vl53l0x_api.o
                0x0000000008002bb8                VL53L0X_GetSequenceStepEnables
 .text.VL53L0X_GetInterMeasurementPeriodMilliSeconds
                0x0000000008002c30       0x3c build/vl53l0x_api.o
                0x0000000008002c30                VL53L0X_GetInterMeasurementPeriodMilliSeconds
 .text.VL53L0X_GetXTalkCompensationEnable
                0x0000000008002c6c        0x8 build/vl53l0x_api.o
                0x0000000008002c6c                VL53L0X_GetXTalkCompensationEnable
 .text.VL53L0X_GetXTalkCompensationRateMegaCps
                0x0000000008002c74       0x38 build/vl53l0x_api.o
                0x0000000008002c74                VL53L0X_GetXTalkCompensationRateMegaCps
 .text.VL53L0X_SetLimitCheckEnable
                0x0000000008002cac       0x90 build/vl53l0x_api.o
                0x0000000008002cac                VL53L0X_SetLimitCheckEnable
 .text.VL53L0X_GetLimitCheckEnable
                0x0000000008002d3c       0x1c build/vl53l0x_api.o
                0x0000000008002d3c                VL53L0X_GetLimitCheckEnable
 .text.VL53L0X_SetLimitCheckValue
                0x0000000008002d58       0x64 build/vl53l0x_api.o
                0x0000000008002d58                VL53L0X_SetLimitCheckValue
 .text.VL53L0X_GetLimitCheckValue
                0x0000000008002dbc       0xa0 build/vl53l0x_api.o
                0x0000000008002dbc                VL53L0X_GetLimitCheckValue
 .text.VL53L0X_GetWrapAroundCheckEnable
                0x0000000008002e5c       0x3c build/vl53l0x_api.o
                0x0000000008002e5c                VL53L0X_GetWrapAroundCheckEnable
 .text.VL53L0X_GetDeviceParameters
                0x0000000008002e98       0x9c build/vl53l0x_api.o
                0x0000000008002e98                VL53L0X_GetDeviceParameters
 .text.VL53L0X_DataInit
                0x0000000008002f34      0x1b0 build/vl53l0x_api.o
                0x0000000008002f34                VL53L0X_DataInit
 .text.VL53L0X_PerformRefCalibration
                0x00000000080030e4        0xc build/vl53l0x_api.o
                0x00000000080030e4                VL53L0X_PerformRefCalibration
 .text.VL53L0X_GetRangingMeasurementData
                0x00000000080030f0      0x160 build/vl53l0x_api.o
                0x00000000080030f0                VL53L0X_GetRangingMeasurementData
 .text.VL53L0X_GetInterruptThresholds
                0x0000000008003250       0x44 build/vl53l0x_api.o
                0x0000000008003250                VL53L0X_GetInterruptThresholds
 .text.VL53L0X_CheckAndLoadInterruptSettings
                0x0000000008003294       0x88 build/vl53l0x_api.o
                0x0000000008003294                VL53L0X_CheckAndLoadInterruptSettings
 .text.VL53L0X_StartMeasurement
                0x000000000800331c       0xf4 build/vl53l0x_api.o
                0x000000000800331c                VL53L0X_StartMeasurement
 .text.VL53L0X_PerformSingleMeasurement
                0x0000000008003410       0x40 build/vl53l0x_api.o
                0x0000000008003410                VL53L0X_PerformSingleMeasurement
 .text.VL53L0X_ClearInterruptMask
                0x0000000008003450       0x54 build/vl53l0x_api.o
                0x0000000008003450                VL53L0X_ClearInterruptMask
 .text.VL53L0X_PerformSingleRangingMeasurement
                0x00000000080034a4       0x34 build/vl53l0x_api.o
                0x00000000080034a4                VL53L0X_PerformSingleRangingMeasurement
 .text.VL53L0X_SetGpioConfig
                0x00000000080034d8      0x160 build/vl53l0x_api.o
                0x00000000080034d8                VL53L0X_SetGpioConfig
 .text.VL53L0X_StaticInit
                0x0000000008003638      0x1a8 build/vl53l0x_api.o
                0x0000000008003638                VL53L0X_StaticInit
 .text.VL53L0X_GetInterruptMaskStatus
                0x00000000080037e0       0x28 build/vl53l0x_api.o
                0x00000000080037e0                VL53L0X_GetInterruptMaskStatus
 .text.VL53L0X_GetMeasurementDataReady
                0x0000000008003808       0x50 build/vl53l0x_api.o
                0x0000000008003808                VL53L0X_GetMeasurementDataReady
 .text.VL53L0X_PerformRefSpadManagement
                0x0000000008003858        0x8 build/vl53l0x_api.o
                0x0000000008003858                VL53L0X_PerformRefSpadManagement
 .text.VL53L0X_get_offset_calibration_data_micro_meter
                0x0000000008003860       0x40 build/vl53l0x_api_calibration.o
                0x0000000008003860                VL53L0X_get_offset_calibration_data_micro_meter
 .text.get_next_good_spad
                0x00000000080038a0       0x4c build/vl53l0x_api_calibration.o
                0x00000000080038a0                get_next_good_spad
 .text.is_aperture
                0x00000000080038ec       0x18 build/vl53l0x_api_calibration.o
                0x00000000080038ec                is_aperture
 .text.enable_spad_bit
                0x0000000008003904       0x24 build/vl53l0x_api_calibration.o
                0x0000000008003904                enable_spad_bit
 .text.set_ref_spad_map
                0x0000000008003928       0x10 build/vl53l0x_api_calibration.o
                0x0000000008003928                set_ref_spad_map
 .text.get_ref_spad_map
                0x0000000008003938       0x10 build/vl53l0x_api_calibration.o
                0x0000000008003938                get_ref_spad_map
 .text.enable_ref_spads
                0x0000000008003948       0x9c build/vl53l0x_api_calibration.o
                0x0000000008003948                enable_ref_spads
 .text.perform_ref_signal_measurement
                0x00000000080039e4       0x68 build/vl53l0x_api_calibration.o
                0x00000000080039e4                perform_ref_signal_measurement
 .text.VL53L0X_set_reference_spads
                0x0000000008003a4c       0xb0 build/vl53l0x_api_calibration.o
                0x0000000008003a4c                VL53L0X_set_reference_spads
 .text.VL53L0X_perform_single_ref_calibration
                0x0000000008003afc       0x38 build/vl53l0x_api_calibration.o
                0x0000000008003afc                VL53L0X_perform_single_ref_calibration
 .text.VL53L0X_ref_calibration_io
                0x0000000008003b34       0xcc build/vl53l0x_api_calibration.o
                0x0000000008003b34                VL53L0X_ref_calibration_io
 .text.VL53L0X_perform_vhv_calibration
                0x0000000008003c00       0x7c build/vl53l0x_api_calibration.o
                0x0000000008003c00                VL53L0X_perform_vhv_calibration
 .text.VL53L0X_perform_phase_calibration
                0x0000000008003c7c       0x78 build/vl53l0x_api_calibration.o
                0x0000000008003c7c                VL53L0X_perform_phase_calibration
 .text.VL53L0X_perform_ref_calibration
                0x0000000008003cf4       0x40 build/vl53l0x_api_calibration.o
                0x0000000008003cf4                VL53L0X_perform_ref_calibration
 .text.VL53L0X_perform_ref_spad_management
                0x0000000008003d34      0x2b0 build/vl53l0x_api_calibration.o
                0x0000000008003d34                VL53L0X_perform_ref_spad_management
 .text.VL53L0X_measurement_poll_for_completion
                0x0000000008003fe4       0x3c build/vl53l0x_api_core.o
                0x0000000008003fe4                VL53L0X_measurement_poll_for_completion
 .text.VL53L0X_decode_vcsel_period
                0x0000000008004020        0xc build/vl53l0x_api_core.o
                0x0000000008004020                VL53L0X_decode_vcsel_period
 .text.VL53L0X_encode_vcsel_period
                0x000000000800402c        0x8 build/vl53l0x_api_core.o
                0x000000000800402c                VL53L0X_encode_vcsel_period
 .text.VL53L0X_isqrt
                0x0000000008004034       0x2c build/vl53l0x_api_core.o
                0x0000000008004034                VL53L0X_isqrt
 .text.VL53L0X_device_read_strobe
                0x0000000008004060       0x4c build/vl53l0x_api_core.o
                0x0000000008004060                VL53L0X_device_read_strobe
 .text.VL53L0X_get_info_from_device
                0x00000000080040ac      0x580 build/vl53l0x_api_core.o
                0x00000000080040ac                VL53L0X_get_info_from_device
 .text.VL53L0X_calc_macro_period_ps
                0x000000000800462c       0x10 build/vl53l0x_api_core.o
                0x000000000800462c                VL53L0X_calc_macro_period_ps
 .text.VL53L0X_encode_timeout
                0x000000000800463c       0x24 build/vl53l0x_api_core.o
                0x000000000800463c                VL53L0X_encode_timeout
 .text.VL53L0X_decode_timeout
                0x0000000008004660        0xc build/vl53l0x_api_core.o
                0x0000000008004660                VL53L0X_decode_timeout
 .text.VL53L0X_calc_timeout_mclks
                0x000000000800466c       0x2c build/vl53l0x_api_core.o
                0x000000000800466c                VL53L0X_calc_timeout_mclks
 .text.VL53L0X_calc_timeout_us
                0x0000000008004698       0x2c build/vl53l0x_api_core.o
                0x0000000008004698                VL53L0X_calc_timeout_us
 .text.get_sequence_step_timeout
                0x00000000080046c4      0x11c build/vl53l0x_api_core.o
                0x00000000080046c4                get_sequence_step_timeout
 .text.set_sequence_step_timeout
                0x00000000080047e0      0x114 build/vl53l0x_api_core.o
                0x00000000080047e0                set_sequence_step_timeout
 .text.VL53L0X_set_vcsel_pulse_period
                0x00000000080048f4      0x300 build/vl53l0x_api_core.o
                0x00000000080048f4                VL53L0X_set_vcsel_pulse_period
 .text.VL53L0X_get_vcsel_pulse_period
                0x0000000008004bf4       0x40 build/vl53l0x_api_core.o
                0x0000000008004bf4                VL53L0X_get_vcsel_pulse_period
 .text.VL53L0X_set_measurement_timing_budget_micro_seconds
                0x0000000008004c34       0xe4 build/vl53l0x_api_core.o
                0x0000000008004c34                VL53L0X_set_measurement_timing_budget_micro_seconds
 .text.VL53L0X_get_measurement_timing_budget_micro_seconds
                0x0000000008004d18       0xcc build/vl53l0x_api_core.o
                0x0000000008004d18                VL53L0X_get_measurement_timing_budget_micro_seconds
 .text.VL53L0X_load_tuning_settings
                0x0000000008004de4       0xac build/vl53l0x_api_core.o
                0x0000000008004de4                VL53L0X_load_tuning_settings
 .text.VL53L0X_get_total_xtalk_rate
                0x0000000008004e90       0x34 build/vl53l0x_api_core.o
                0x0000000008004e90                VL53L0X_get_total_xtalk_rate
 .text.VL53L0X_get_total_signal_rate
                0x0000000008004ec4       0x24 build/vl53l0x_api_core.o
                0x0000000008004ec4                VL53L0X_get_total_signal_rate
 .text.VL53L0X_calc_dmax
                0x0000000008004ee8       0xf0 build/vl53l0x_api_core.o
                0x0000000008004ee8                VL53L0X_calc_dmax
 .text.VL53L0X_calc_sigma_estimate
                0x0000000008004fd8      0x274 build/vl53l0x_api_core.o
                0x0000000008004fd8                VL53L0X_calc_sigma_estimate
 .text.VL53L0X_get_pal_range_status
                0x000000000800524c      0x280 build/vl53l0x_api_core.o
                0x000000000800524c                VL53L0X_get_pal_range_status
 .text._I2CWrite
                0x00000000080054cc       0x24 build/vl53l0x_platform.o
                0x00000000080054cc                _I2CWrite
 .text._I2CRead
                0x00000000080054f0       0x24 build/vl53l0x_platform.o
                0x00000000080054f0                _I2CRead
 .text.VL53L0X_WriteMulti
                0x0000000008005514       0x34 build/vl53l0x_platform.o
                0x0000000008005514                VL53L0X_WriteMulti
 .text.VL53L0X_ReadMulti
                0x0000000008005548       0x34 build/vl53l0x_platform.o
                0x0000000008005548                VL53L0X_ReadMulti
 .text.VL53L0X_WrByte
                0x000000000800557c       0x1c build/vl53l0x_platform.o
                0x000000000800557c                VL53L0X_WrByte
 .text.VL53L0X_WrWord
                0x0000000008005598       0x20 build/vl53l0x_platform.o
                0x0000000008005598                VL53L0X_WrWord
 .text.VL53L0X_RdByte
                0x00000000080055b8       0x34 build/vl53l0x_platform.o
                0x00000000080055b8                VL53L0X_RdByte
 .text.VL53L0X_UpdateByte
                0x00000000080055ec       0x34 build/vl53l0x_platform.o
                0x00000000080055ec                VL53L0X_UpdateByte
 .text.VL53L0X_RdWord
                0x0000000008005620       0x44 build/vl53l0x_platform.o
                0x0000000008005620                VL53L0X_RdWord
 .text.VL53L0X_RdDWord
                0x0000000008005664       0x50 build/vl53l0x_platform.o
                0x0000000008005664                VL53L0X_RdDWord
 .text.VL53L0X_PollingDelay
                0x00000000080056b4        0xc build/vl53l0x_platform.o
                0x00000000080056b4                VL53L0X_PollingDelay
 .text.TIM_TI1_ConfigInputStage
                0x00000000080056c0       0x28 build/stm32f4xx_hal_tim.o
 .text.TIM_TI2_ConfigInputStage
                0x00000000080056e8       0x28 build/stm32f4xx_hal_tim.o
 .text.TIM_ITRx_SetConfig
                0x0000000008005710       0x10 build/stm32f4xx_hal_tim.o
 .text.TIM_ETR_SetConfig
                0x0000000008005720       0x18 build/stm32f4xx_hal_tim.o
 .text.HAL_TIM_Base_Start
                0x0000000008005738       0x1c build/stm32f4xx_hal_tim.o
                0x0000000008005738                HAL_TIM_Base_Start
 .text.HAL_TIM_Base_Start_IT
                0x0000000008005754       0x18 build/stm32f4xx_hal_tim.o
                0x0000000008005754                HAL_TIM_Base_Start_IT
 .text.HAL_TIM_Base_Stop_IT
                0x000000000800576c       0x2c build/stm32f4xx_hal_tim.o
                0x000000000800576c                HAL_TIM_Base_Stop_IT
 .text.HAL_TIM_ConfigClockSource
                0x0000000008005798      0x118 build/stm32f4xx_hal_tim.o
                0x0000000008005798                HAL_TIM_ConfigClockSource
 .text.HAL_TIM_OC_DelayElapsedCallback
                0x00000000080058b0        0x4 build/stm32f4xx_hal_tim.o
                0x00000000080058b0                HAL_TIM_OC_DelayElapsedCallback
 .text.HAL_TIM_IC_CaptureCallback
                0x00000000080058b4        0x4 build/stm32f4xx_hal_tim.o
                0x00000000080058b4                HAL_TIM_IC_CaptureCallback
 .text.HAL_TIM_PWM_PulseFinishedCallback
                0x00000000080058b8        0x4 build/stm32f4xx_hal_tim.o
                0x00000000080058b8                HAL_TIM_PWM_PulseFinishedCallback
 .text.HAL_TIM_TriggerCallback
                0x00000000080058bc        0x4 build/stm32f4xx_hal_tim.o
                0x00000000080058bc                HAL_TIM_TriggerCallback
 .text.HAL_TIM_IRQHandler
                0x00000000080058c0      0x174 build/stm32f4xx_hal_tim.o
                0x00000000080058c0                HAL_TIM_IRQHandler
 .text.TIM_Base_SetConfig
                0x0000000008005a34       0xcc build/stm32f4xx_hal_tim.o
                0x0000000008005a34                TIM_Base_SetConfig
 .text.HAL_TIM_Base_Init
                0x0000000008005b00       0x34 build/stm32f4xx_hal_tim.o
                0x0000000008005b00                HAL_TIM_Base_Init
 .text.HAL_TIMEx_MasterConfigSynchronization
                0x0000000008005b34       0x54 build/stm32f4xx_hal_tim_ex.o
                0x0000000008005b34                HAL_TIMEx_MasterConfigSynchronization
 .text.HAL_TIMEx_CommutationCallback
                0x0000000008005b88        0x4 build/stm32f4xx_hal_tim_ex.o
                0x0000000008005b88                HAL_TIMEx_CommutationCallback
 .text.HAL_TIMEx_BreakCallback
                0x0000000008005b8c        0x4 build/stm32f4xx_hal_tim_ex.o
                0x0000000008005b8c                HAL_TIMEx_BreakCallback
 .text.UART_SetConfig
                0x0000000008005b90      0x210 build/stm32f4xx_hal_uart.o
 .text.UART_WaitOnFlagUntilTimeout
                0x0000000008005da0       0xd4 build/stm32f4xx_hal_uart.o
 .text.HAL_UART_Init
                0x0000000008005e74       0x5c build/stm32f4xx_hal_uart.o
                0x0000000008005e74                HAL_UART_Init
 .text.HAL_UART_Transmit
                0x0000000008005ed0       0xec build/stm32f4xx_hal_uart.o
                0x0000000008005ed0                HAL_UART_Transmit
 .text.HAL_UART_Receive
                0x0000000008005fbc       0xf0 build/stm32f4xx_hal_uart.o
                0x0000000008005fbc                HAL_UART_Receive
 .text.HAL_UART_TxCpltCallback
                0x00000000080060ac        0x4 build/stm32f4xx_hal_uart.o
                0x00000000080060ac                HAL_UART_TxCpltCallback
 .text.UART_Transmit_IT
                0x00000000080060b0       0xac build/stm32f4xx_hal_uart.o
 .text.HAL_UART_RxCpltCallback
                0x000000000800615c        0x4 build/stm32f4xx_hal_uart.o
                0x000000000800615c                HAL_UART_RxCpltCallback
 .text.UART_Receive_IT
                0x0000000008006160       0xb4 build/stm32f4xx_hal_uart.o
 .text.HAL_UART_ErrorCallback
                0x0000000008006214        0x4 build/stm32f4xx_hal_uart.o
                0x0000000008006214                HAL_UART_ErrorCallback
 .text.HAL_UART_IRQHandler
                0x0000000008006218       0xcc build/stm32f4xx_hal_uart.o
                0x0000000008006218                HAL_UART_IRQHandler
 .text.Reset_Handler
                0x00000000080062e4       0x50 build/startup_stm32f401xe.o
                0x00000000080062e4                Reset_Handler
 .text.Default_Handler
                0x0000000008006334        0x2 build/startup_stm32f401xe.o
                0x0000000008006334                RTC_Alarm_IRQHandler
                0x0000000008006334                EXTI2_IRQHandler
                0x0000000008006334                DebugMon_Handler
                0x0000000008006334                SPI4_IRQHandler
                0x0000000008006334                TIM1_CC_IRQHandler
                0x0000000008006334                DMA2_Stream5_IRQHandler
                0x0000000008006334                HardFault_Handler
                0x0000000008006334                DMA1_Stream5_IRQHandler
                0x0000000008006334                PVD_IRQHandler
                0x0000000008006334                SDIO_IRQHandler
                0x0000000008006334                TAMP_STAMP_IRQHandler
                0x0000000008006334                PendSV_Handler
                0x0000000008006334                NMI_Handler
                0x0000000008006334                EXTI3_IRQHandler
                0x0000000008006334                TIM1_UP_TIM10_IRQHandler
                0x0000000008006334                I2C3_ER_IRQHandler
                0x0000000008006334                EXTI0_IRQHandler
                0x0000000008006334                I2C2_EV_IRQHandler
                0x0000000008006334                DMA1_Stream2_IRQHandler
                0x0000000008006334                FPU_IRQHandler
                0x0000000008006334                UsageFault_Handler
                0x0000000008006334                DMA2_Stream2_IRQHandler
                0x0000000008006334                SPI1_IRQHandler
                0x0000000008006334                TIM1_BRK_TIM9_IRQHandler
                0x0000000008006334                DMA2_Stream3_IRQHandler
                0x0000000008006334                USART6_IRQHandler
                0x0000000008006334                DMA2_Stream0_IRQHandler
                0x0000000008006334                TIM4_IRQHandler
                0x0000000008006334                I2C1_EV_IRQHandler
                0x0000000008006334                DMA1_Stream6_IRQHandler
                0x0000000008006334                DMA1_Stream1_IRQHandler
                0x0000000008006334                RCC_IRQHandler
                0x0000000008006334                Default_Handler
                0x0000000008006334                EXTI15_10_IRQHandler
                0x0000000008006334                ADC_IRQHandler
                0x0000000008006334                DMA1_Stream7_IRQHandler
                0x0000000008006334                TIM5_IRQHandler
                0x0000000008006334                DMA2_Stream7_IRQHandler
                0x0000000008006334                I2C3_EV_IRQHandler
                0x0000000008006334                EXTI9_5_IRQHandler
                0x0000000008006334                RTC_WKUP_IRQHandler
                0x0000000008006334                SPI2_IRQHandler
                0x0000000008006334                MemManage_Handler
                0x0000000008006334                DMA1_Stream0_IRQHandler
                0x0000000008006334                SVC_Handler
                0x0000000008006334                EXTI4_IRQHandler
                0x0000000008006334                WWDG_IRQHandler
                0x0000000008006334                TIM2_IRQHandler
                0x0000000008006334                OTG_FS_WKUP_IRQHandler
                0x0000000008006334                TIM1_TRG_COM_TIM11_IRQHandler
                0x0000000008006334                EXTI1_IRQHandler
                0x0000000008006334                I2C2_ER_IRQHandler
                0x0000000008006334                DMA2_Stream1_IRQHandler
                0x0000000008006334                FLASH_IRQHandler
                0x0000000008006334                DMA2_Stream4_IRQHandler
                0x0000000008006334                BusFault_Handler
                0x0000000008006334                OTG_FS_IRQHandler
                0x0000000008006334                SPI3_IRQHandler
                0x0000000008006334                DMA1_Stream4_IRQHandler
                0x0000000008006334                I2C1_ER_IRQHandler
                0x0000000008006334                DMA2_Stream6_IRQHandler
                0x0000000008006334                DMA1_Stream3_IRQHandler
 *fill*         0x0000000008006336        0x2 
 .text.__libc_init_array
                0x0000000008006338       0x4c /usr/lib/gcc/arm-none-eabi/4.9.3/../../../arm-none-eabi/lib/armv7e-m/fpu/libc_nano.a(lib_a-init.o)
                0x0000000008006338                __libc_init_array
 .text.memcpy   0x0000000008006384       0x16 /usr/lib/gcc/arm-none-eabi/4.9.3/../../../arm-none-eabi/lib/armv7e-m/fpu/libc_nano.a(lib_a-memcpy.o)
                0x0000000008006384                memcpy
 .text.memset   0x000000000800639a       0x10 /usr/lib/gcc/arm-none-eabi/4.9.3/../../../arm-none-eabi/lib/armv7e-m/fpu/libc_nano.a(lib_a-memset.o)
                0x000000000800639a                memset
 *fill*         0x00000000080063aa        0x2 
 .text.sprintf  0x00000000080063ac       0x48 /usr/lib/gcc/arm-none-eabi/4.9.3/../../../arm-none-eabi/lib/armv7e-m/fpu/libc_nano.a(lib_a-sprintf.o)
                0x00000000080063ac                sprintf
                0x00000000080063ac                siprintf
 .text.strcat   0x00000000080063f4       0x1e /usr/lib/gcc/arm-none-eabi/4.9.3/../../../arm-none-eabi/lib/armv7e-m/fpu/libc_nano.a(lib_a-strcat.o)
                0x00000000080063f4                strcat
 .text.strcpy   0x0000000008006412       0x10 /usr/lib/gcc/arm-none-eabi/4.9.3/../../../arm-none-eabi/lib/armv7e-m/fpu/libc_nano.a(lib_a-strcpy.o)
                0x0000000008006412                strcpy
 .text.strlen   0x0000000008006422       0x10 /usr/lib/gcc/arm-none-eabi/4.9.3/../../../arm-none-eabi/lib/armv7e-m/fpu/libc_nano.a(lib_a-strlen.o)
                0x0000000008006422                strlen
 .text.__ssputs_r
                0x0000000008006432       0xb2 /usr/lib/gcc/arm-none-eabi/4.9.3/../../../arm-none-eabi/lib/armv7e-m/fpu/libc_nano.a(lib_a-nano-svfprintf.o)
                0x0000000008006432                __ssputs_r
 .text._svfprintf_r
                0x00000000080064e4      0x1e4 /usr/lib/gcc/arm-none-eabi/4.9.3/../../../arm-none-eabi/lib/armv7e-m/fpu/libc_nano.a(lib_a-nano-svfprintf.o)
                0x00000000080064e4                _svfprintf_r
                0x00000000080064e4                _svfiprintf_r
 .text._printf_common
                0x00000000080066c8       0xea /usr/lib/gcc/arm-none-eabi/4.9.3/../../../arm-none-eabi/lib/armv7e-m/fpu/libc_nano.a(lib_a-nano-vfprintf_i.o)
                0x00000000080066c8                _printf_common
 *fill*         0x00000000080067b2        0x2 
 .text._printf_i
                0x00000000080067b4      0x240 /usr/lib/gcc/arm-none-eabi/4.9.3/../../../arm-none-eabi/lib/armv7e-m/fpu/libc_nano.a(lib_a-nano-vfprintf_i.o)
                0x00000000080067b4                _printf_i
 .text.memchr   0x00000000080069f4       0x1e /usr/lib/gcc/arm-none-eabi/4.9.3/../../../arm-none-eabi/lib/armv7e-m/fpu/libc_nano.a(lib_a-memchr.o)
                0x00000000080069f4                memchr
 .text.memmove  0x0000000008006a12       0x36 /usr/lib/gcc/arm-none-eabi/4.9.3/../../../arm-none-eabi/lib/armv7e-m/fpu/libc_nano.a(lib_a-memmove.o)
                0x0000000008006a12                memmove
 .text._free_r  0x0000000008006a48       0x88 /usr/lib/gcc/arm-none-eabi/4.9.3/../../../arm-none-eabi/lib/armv7e-m/fpu/libc_nano.a(lib_a-nano-freer.o)
                0x0000000008006a48                _free_r
 .text._malloc_r
                0x0000000008006ad0       0xac /usr/lib/gcc/arm-none-eabi/4.9.3/../../../arm-none-eabi/lib/armv7e-m/fpu/libc_nano.a(lib_a-nano-mallocr.o)
                0x0000000008006ad0                _malloc_r
 .text._realloc_r
                0x0000000008006b7c       0x4c /usr/lib/gcc/arm-none-eabi/4.9.3/../../../arm-none-eabi/lib/armv7e-m/fpu/libc_nano.a(lib_a-nano-reallocr.o)
                0x0000000008006b7c                _realloc_r
 .text._sbrk_r  0x0000000008006bc8       0x20 /usr/lib/gcc/arm-none-eabi/4.9.3/../../../arm-none-eabi/lib/armv7e-m/fpu/libc_nano.a(lib_a-sbrkr.o)
                0x0000000008006bc8                _sbrk_r
 .text._malloc_usable_size_r
                0x0000000008006be8       0x14 /usr/lib/gcc/arm-none-eabi/4.9.3/../../../arm-none-eabi/lib/armv7e-m/fpu/libc_nano.a(lib_a-nano-msizer.o)
                0x0000000008006be8                _malloc_usable_size_r
 .text._sbrk    0x0000000008006bfc       0x1c /usr/lib/gcc/arm-none-eabi/4.9.3/../../../arm-none-eabi/lib/armv7e-m/fpu/libnosys.a(sbrk.o)
                0x0000000008006bfc                _sbrk
 *(.glue_7)
 .glue_7        0x0000000008006c18        0x0 linker stubs
 *(.glue_7t)
 .glue_7t       0x0000000008006c18        0x0 linker stubs
 *(.eh_frame)
 .eh_frame      0x0000000008006c18        0x0 /usr/lib/gcc/arm-none-eabi/4.9.3/armv7e-m/fpu/crtbegin.o
 *(.init)
 .init          0x0000000008006c18        0x4 /usr/lib/gcc/arm-none-eabi/4.9.3/armv7e-m/fpu/crti.o
                0x0000000008006c18                _init
 .init          0x0000000008006c1c        0x8 /usr/lib/gcc/arm-none-eabi/4.9.3/armv7e-m/fpu/crtn.o
 *(.fini)
 .fini          0x0000000008006c24        0x4 /usr/lib/gcc/arm-none-eabi/4.9.3/armv7e-m/fpu/crti.o
                0x0000000008006c24                _fini
 .fini          0x0000000008006c28        0x8 /usr/lib/gcc/arm-none-eabi/4.9.3/armv7e-m/fpu/crtn.o
                0x0000000008006c30                . = ALIGN (0x4)
                0x0000000008006c30                _etext = .

.vfp11_veneer   0x0000000008006c30        0x0
 .vfp11_veneer  0x0000000008006c30        0x0 linker stubs

.v4_bx          0x0000000008006c30        0x0
 .v4_bx         0x0000000008006c30        0x0 linker stubs

.iplt           0x0000000008006c30        0x0
 .iplt          0x0000000008006c30        0x0 /usr/lib/gcc/arm-none-eabi/4.9.3/armv7e-m/fpu/crtbegin.o

.rodata         0x0000000008006c30      0x3ec
                0x0000000008006c30                . = ALIGN (0x4)
 *(.rodata)
 .rodata        0x0000000008006c30      0x200 build/xl_320.o
 .rodata        0x0000000008006e30        0x8 build/main.o
 *(.rodata*)
 .rodata.field_addr
                0x0000000008006e38       0x1f build/xl_320.o
 *fill*         0x0000000008006e57        0x1 
 .rodata.field_length
                0x0000000008006e58       0x1f build/xl_320.o
 *fill*         0x0000000008006e77        0x1 
 .rodata.str1.4
                0x0000000008006e78       0x4c build/main.o
                                         0x4b (size before relaxing)
 .rodata.APBAHBPrescTable
                0x0000000008006ec4       0x10 build/stm32f4xx_hal_rcc.o
                0x0000000008006ec4                APBAHBPrescTable
 .rodata.ascii_to_display_lut
                0x0000000008006ed4      0x100 build/X-NUCLEO-53L0A1.o
 .rodata.DisplayBitPos
                0x0000000008006fd4       0x10 build/X-NUCLEO-53L0A1.o
 .rodata.str1.1
                0x0000000008006fe4        0x2 /usr/lib/gcc/arm-none-eabi/4.9.3/../../../arm-none-eabi/lib/armv7e-m/fpu/libc_nano.a(lib_a-impure.o)
 .rodata.str1.1
                0x0000000008006fe6       0x11 /usr/lib/gcc/arm-none-eabi/4.9.3/../../../arm-none-eabi/lib/armv7e-m/fpu/libc_nano.a(lib_a-nano-svfprintf.o)
 .rodata.str1.1
                0x0000000008006ff7       0x22 /usr/lib/gcc/arm-none-eabi/4.9.3/../../../arm-none-eabi/lib/armv7e-m/fpu/libc_nano.a(lib_a-nano-vfprintf_i.o)
                0x000000000800701c                . = ALIGN (0x4)
 *fill*         0x0000000008007019        0x3 

.rel.dyn        0x000000000800701c        0x0
 .rel.iplt      0x000000000800701c        0x0 /usr/lib/gcc/arm-none-eabi/4.9.3/armv7e-m/fpu/crtbegin.o

.ARM.extab
 *(.ARM.extab* .gnu.linkonce.armextab.*)

.ARM            0x000000000800701c        0x0
                0x000000000800701c                __exidx_start = .
 *(.ARM.exidx*)
                0x000000000800701c                __exidx_end = .

.preinit_array  0x000000000800701c        0x0
                0x000000000800701c                PROVIDE (__preinit_array_start, .)
 *(.preinit_array*)
                0x000000000800701c                PROVIDE (__preinit_array_end, .)

.init_array     0x000000000800701c        0x4
                0x000000000800701c                PROVIDE (__init_array_start, .)
 *(SORT(.init_array.*))
 *(.init_array*)
 .init_array    0x000000000800701c        0x4 /usr/lib/gcc/arm-none-eabi/4.9.3/armv7e-m/fpu/crtbegin.o
                0x0000000008007020                PROVIDE (__init_array_end, .)

.fini_array     0x0000000008007020        0x4
                0x0000000008007020                PROVIDE (__fini_array_start, .)
 *(SORT(.fini_array.*))
 *(.fini_array*)
 .fini_array    0x0000000008007020        0x4 /usr/lib/gcc/arm-none-eabi/4.9.3/armv7e-m/fpu/crtbegin.o
                0x0000000008007024                PROVIDE (__fini_array_end, .)
                0x0000000008007024                _sidata = LOADADDR (.data)

.data           0x0000000020000000      0x7f4 load address 0x0000000008007024
                0x0000000020000000                . = ALIGN (0x4)
                0x0000000020000000                _sdata = .
 *(.data)
 *(.data*)
 .data.SystemCoreClock
                0x0000000020000000        0x4 build/system_stm32f4xx.o
                0x0000000020000000                SystemCoreClock
 .data.VL53L0XDevs
                0x0000000020000004      0x4b0 build/main.o
                0x0000000020000004                VL53L0XDevs
 .data.LeakyFactorFix8
                0x00000000200004b4        0x4 build/main.o
                0x00000000200004b4                LeakyFactorFix8
 .data.RangingConfigTxt
                0x00000000200004b8        0xc build/main.o
                0x00000000200004b8                RangingConfigTxt
 .data.RangeLow
                0x00000000200004c4        0x4 build/main.o
                0x00000000200004c4                RangeLow
 .data.RangeMedium
                0x00000000200004c8        0x4 build/main.o
                0x00000000200004c8                RangeMedium
 .data.DemoModeTxt
                0x00000000200004cc        0x8 build/main.o
                0x00000000200004cc                DemoModeTxt
 .data.DefaultTuningSettings
                0x00000000200004d4       0xf3 build/vl53l0x_api.o
                0x00000000200004d4                DefaultTuningSettings
 *fill*         0x00000000200005c7        0x1 
 .data.InterruptThresholdSettings
                0x00000000200005c8      0x1b6 build/vl53l0x_api.o
                0x00000000200005c8                InterruptThresholdSettings
 *fill*         0x000000002000077e        0x2 
 .data.refArrayQuadrants
                0x0000000020000780       0x10 build/vl53l0x_api_calibration.o
                0x0000000020000780                refArrayQuadrants
 .data.impure_data
                0x0000000020000790       0x60 /usr/lib/gcc/arm-none-eabi/4.9.3/../../../arm-none-eabi/lib/armv7e-m/fpu/libc_nano.a(lib_a-impure.o)
 .data._impure_ptr
                0x00000000200007f0        0x4 /usr/lib/gcc/arm-none-eabi/4.9.3/../../../arm-none-eabi/lib/armv7e-m/fpu/libc_nano.a(lib_a-impure.o)
                0x00000000200007f0                _impure_ptr
                0x00000000200007f4                . = ALIGN (0x4)
                0x00000000200007f4                _edata = .

.jcr            0x00000000200007f4        0x0 load address 0x0000000008007818
 .jcr           0x00000000200007f4        0x0 /usr/lib/gcc/arm-none-eabi/4.9.3/armv7e-m/fpu/crtbegin.o

.tm_clone_table
                0x00000000200007f4        0x0 load address 0x0000000008007818
 .tm_clone_table
                0x00000000200007f4        0x0 /usr/lib/gcc/arm-none-eabi/4.9.3/armv7e-m/fpu/crtbegin.o
 .tm_clone_table
                0x00000000200007f4        0x0 /usr/lib/gcc/arm-none-eabi/4.9.3/armv7e-m/fpu/crtend.o

.igot.plt       0x00000000200007f4        0x0 load address 0x0000000008007818
 .igot.plt      0x00000000200007f4        0x0 /usr/lib/gcc/arm-none-eabi/4.9.3/armv7e-m/fpu/crtbegin.o
                0x00000000200007f4                . = ALIGN (0x4)

.bss            0x00000000200007f4      0x270 load address 0x0000000008007818
                0x00000000200007f4                _sbss = .
                0x00000000200007f4                __bss_start__ = _sbss
 *(.bss)
 .bss           0x00000000200007f4       0x1c /usr/lib/gcc/arm-none-eabi/4.9.3/armv7e-m/fpu/crtbegin.o
 *(.bss*)
 .bss.err       0x0000000020000810        0x2 build/xl_320.o
 *fill*         0x0000000020000812        0x2 
 .bss.params.5523
                0x0000000020000814        0x4 build/xl_320.o
 .bss.packet.5522
                0x0000000020000818        0x8 build/xl_320.o
 .bss.nDevPresent
                0x0000000020000820        0x4 build/main.o
                0x0000000020000820                nDevPresent
 .bss.uwTick    0x0000000020000824        0x4 build/stm32f4xx_hal.o
 .bss.CurIOVal  0x0000000020000828        0x4 build/X-NUCLEO-53L0A1.o
 .bss.__malloc_sbrk_start
                0x000000002000082c        0x4 /usr/lib/gcc/arm-none-eabi/4.9.3/../../../arm-none-eabi/lib/armv7e-m/fpu/libc_nano.a(lib_a-nano-mallocr.o)
                0x000000002000082c                __malloc_sbrk_start
 .bss.__malloc_free_list
                0x0000000020000830        0x4 /usr/lib/gcc/arm-none-eabi/4.9.3/../../../arm-none-eabi/lib/armv7e-m/fpu/libc_nano.a(lib_a-nano-mallocr.o)
                0x0000000020000830                __malloc_free_list
 .bss.heap_end.4079
                0x0000000020000834        0x4 /usr/lib/gcc/arm-none-eabi/4.9.3/../../../arm-none-eabi/lib/armv7e-m/fpu/libnosys.a(sbrk.o)
 *(COMMON)
 COMMON         0x0000000020000838      0x1b0 build/main.o
                0x0000000020000838                nDevMask
                0x000000002000083c                hi2c1
                0x0000000020000874                htim5
                0x00000000200008b0                htim3
                0x00000000200008ec                interface
                0x0000000020000954                huart1
                0x0000000020000990                huart2
                0x00000000200009cc                RangingMeasurementData
 COMMON         0x00000000200009e8       0x38 build/X-NUCLEO-53L0A1.o
                0x00000000200009e8                XNUCLEO53L0A1_hi2c
 COMMON         0x0000000020000a20       0x40 build/vl53l0x_platform.o
                0x0000000020000a20                _I2CBuffer
 COMMON         0x0000000020000a60        0x4 /usr/lib/gcc/arm-none-eabi/4.9.3/../../../arm-none-eabi/lib/armv7e-m/fpu/libc_nano.a(lib_a-reent.o)
                0x0000000020000a60                errno
                0x0000000020000a64                . = ALIGN (0x4)
                0x0000000020000a64                _ebss = .
                0x0000000020000a64                __bss_end__ = _ebss

._user_heap_stack
                0x0000000020000a64      0x604 load address 0x0000000008007818
                0x0000000020000a68                . = ALIGN (0x8)
 *fill*         0x0000000020000a64        0x4 
                0x0000000020000a68                PROVIDE (end, .)
                [!provide]                        PROVIDE (_end, .)
                0x0000000020000c68                . = (. + _Min_Heap_Size)
 *fill*         0x0000000020000a68      0x200 
                0x0000000020001068                . = (. + _Min_Stack_Size)
 *fill*         0x0000000020000c68      0x400 
                0x0000000020001068                . = ALIGN (0x8)

/DISCARD/
 libc.a(*)
 libm.a(*)
 libgcc.a(*)

.ARM.attributes
                0x0000000000000000       0x30
 *(.ARM.attributes)
 .ARM.attributes
                0x0000000000000000       0x22 /usr/lib/gcc/arm-none-eabi/4.9.3/armv7e-m/fpu/crti.o
 .ARM.attributes
                0x0000000000000022       0x34 /usr/lib/gcc/arm-none-eabi/4.9.3/armv7e-m/fpu/crtbegin.o
 .ARM.attributes
                0x0000000000000056       0x39 build/xl_320.o
 .ARM.attributes
                0x000000000000008f       0x39 build/stm32f4xx_hal_cortex.o
 .ARM.attributes
                0x00000000000000c8       0x39 build/system_stm32f4xx.o
 .ARM.attributes
                0x0000000000000101       0x39 build/stm32f4xx_hal_i2c.o
 .ARM.attributes
                0x000000000000013a       0x39 build/main.o
 .ARM.attributes
                0x0000000000000173       0x39 build/stm32f4xx_hal.o
 .ARM.attributes
                0x00000000000001ac       0x39 build/stm32f4xx_it.o
 .ARM.attributes
                0x00000000000001e5       0x39 build/stm32f4xx_hal_msp.o
 .ARM.attributes
                0x000000000000021e       0x39 build/stm32f4xx_hal_gpio.o
 .ARM.attributes
                0x0000000000000257       0x39 build/stm32f4xx_hal_rcc.o
 .ARM.attributes
                0x0000000000000290       0x39 build/X-NUCLEO-53L0A1.o
 .ARM.attributes
                0x00000000000002c9       0x39 build/vl53l0x_api.o
 .ARM.attributes
                0x0000000000000302       0x39 build/vl53l0x_api_calibration.o
 .ARM.attributes
                0x000000000000033b       0x39 build/vl53l0x_api_core.o
 .ARM.attributes
                0x0000000000000374       0x39 build/vl53l0x_platform.o
 .ARM.attributes
                0x00000000000003ad       0x39 build/stm32f4xx_hal_tim.o
 .ARM.attributes
                0x00000000000003e6       0x39 build/stm32f4xx_hal_tim_ex.o
 .ARM.attributes
                0x000000000000041f       0x39 build/stm32f4xx_hal_uart.o
 .ARM.attributes
                0x0000000000000458       0x21 build/startup_stm32f401xe.o
 .ARM.attributes
                0x0000000000000479       0x34 /usr/lib/gcc/arm-none-eabi/4.9.3/../../../arm-none-eabi/lib/armv7e-m/fpu/libc_nano.a(lib_a-impure.o)
 .ARM.attributes
                0x00000000000004ad       0x34 /usr/lib/gcc/arm-none-eabi/4.9.3/../../../arm-none-eabi/lib/armv7e-m/fpu/libc_nano.a(lib_a-init.o)
 .ARM.attributes
                0x00000000000004e1       0x34 /usr/lib/gcc/arm-none-eabi/4.9.3/../../../arm-none-eabi/lib/armv7e-m/fpu/libc_nano.a(lib_a-memcpy.o)
 .ARM.attributes
                0x0000000000000515       0x34 /usr/lib/gcc/arm-none-eabi/4.9.3/../../../arm-none-eabi/lib/armv7e-m/fpu/libc_nano.a(lib_a-memset.o)
 .ARM.attributes
                0x0000000000000549       0x34 /usr/lib/gcc/arm-none-eabi/4.9.3/../../../arm-none-eabi/lib/armv7e-m/fpu/libc_nano.a(lib_a-sprintf.o)
 .ARM.attributes
                0x000000000000057d       0x34 /usr/lib/gcc/arm-none-eabi/4.9.3/../../../arm-none-eabi/lib/armv7e-m/fpu/libc_nano.a(lib_a-strcat.o)
 .ARM.attributes
                0x00000000000005b1       0x34 /usr/lib/gcc/arm-none-eabi/4.9.3/../../../arm-none-eabi/lib/armv7e-m/fpu/libc_nano.a(lib_a-strcpy.o)
 .ARM.attributes
                0x00000000000005e5       0x34 /usr/lib/gcc/arm-none-eabi/4.9.3/../../../arm-none-eabi/lib/armv7e-m/fpu/libc_nano.a(lib_a-strlen.o)
 .ARM.attributes
                0x0000000000000619       0x34 /usr/lib/gcc/arm-none-eabi/4.9.3/../../../arm-none-eabi/lib/armv7e-m/fpu/libc_nano.a(lib_a-nano-svfprintf.o)
 .ARM.attributes
                0x000000000000064d       0x34 /usr/lib/gcc/arm-none-eabi/4.9.3/../../../arm-none-eabi/lib/armv7e-m/fpu/libc_nano.a(lib_a-nano-vfprintf_i.o)
 .ARM.attributes
                0x0000000000000681       0x34 /usr/lib/gcc/arm-none-eabi/4.9.3/../../../arm-none-eabi/lib/armv7e-m/fpu/libc_nano.a(lib_a-memchr.o)
 .ARM.attributes
                0x00000000000006b5       0x34 /usr/lib/gcc/arm-none-eabi/4.9.3/../../../arm-none-eabi/lib/armv7e-m/fpu/libc_nano.a(lib_a-memmove.o)
 .ARM.attributes
                0x00000000000006e9       0x34 /usr/lib/gcc/arm-none-eabi/4.9.3/../../../arm-none-eabi/lib/armv7e-m/fpu/libc_nano.a(lib_a-nano-freer.o)
 .ARM.attributes
                0x000000000000071d       0x34 /usr/lib/gcc/arm-none-eabi/4.9.3/../../../arm-none-eabi/lib/armv7e-m/fpu/libc_nano.a(lib_a-nano-mallocr.o)
 .ARM.attributes
                0x0000000000000751       0x34 /usr/lib/gcc/arm-none-eabi/4.9.3/../../../arm-none-eabi/lib/armv7e-m/fpu/libc_nano.a(lib_a-nano-reallocr.o)
 .ARM.attributes
                0x0000000000000785       0x34 /usr/lib/gcc/arm-none-eabi/4.9.3/../../../arm-none-eabi/lib/armv7e-m/fpu/libc_nano.a(lib_a-sbrkr.o)
 .ARM.attributes
                0x00000000000007b9       0x34 /usr/lib/gcc/arm-none-eabi/4.9.3/../../../arm-none-eabi/lib/armv7e-m/fpu/libc_nano.a(lib_a-nano-msizer.o)
 .ARM.attributes
                0x00000000000007ed       0x34 /usr/lib/gcc/arm-none-eabi/4.9.3/../../../arm-none-eabi/lib/armv7e-m/fpu/libc_nano.a(lib_a-reent.o)
 .ARM.attributes
                0x0000000000000821       0x34 /usr/lib/gcc/arm-none-eabi/4.9.3/../../../arm-none-eabi/lib/armv7e-m/fpu/libnosys.a(sbrk.o)
 .ARM.attributes
                0x0000000000000855       0x34 /usr/lib/gcc/arm-none-eabi/4.9.3/armv7e-m/fpu/crtend.o
 .ARM.attributes
                0x0000000000000889       0x22 /usr/lib/gcc/arm-none-eabi/4.9.3/armv7e-m/fpu/crtn.o
OUTPUT(build/NucleoF401.elf elf32-littlearm)

.comment        0x0000000000000000       0x70
 .comment       0x0000000000000000       0x38 /usr/lib/gcc/arm-none-eabi/4.9.3/armv7e-m/fpu/crtbegin.o
                                         0x39 (size before relaxing)
 .comment       0x0000000000000038       0x39 build/xl_320.o
 .comment       0x0000000000000038       0x39 build/stm32f4xx_hal_cortex.o
 .comment       0x0000000000000038       0x39 build/system_stm32f4xx.o
 .comment       0x0000000000000038       0x39 build/stm32f4xx_hal_i2c.o
 .comment       0x0000000000000038       0x39 build/main.o
 .comment       0x0000000000000038       0x39 build/stm32f4xx_hal.o
 .comment       0x0000000000000038       0x39 build/stm32f4xx_it.o
 .comment       0x0000000000000038       0x39 build/stm32f4xx_hal_msp.o
 .comment       0x0000000000000038       0x39 build/stm32f4xx_hal_gpio.o
 .comment       0x0000000000000038       0x39 build/stm32f4xx_hal_rcc.o
 .comment       0x0000000000000038       0x39 build/X-NUCLEO-53L0A1.o
 .comment       0x0000000000000038       0x39 build/vl53l0x_api.o
 .comment       0x0000000000000038       0x39 build/vl53l0x_api_calibration.o
 .comment       0x0000000000000038       0x39 build/vl53l0x_api_core.o
 .comment       0x0000000000000038       0x39 build/vl53l0x_platform.o
 .comment       0x0000000000000038       0x39 build/stm32f4xx_hal_tim.o
 .comment       0x0000000000000038       0x39 build/stm32f4xx_hal_tim_ex.o
 .comment       0x0000000000000038       0x39 build/stm32f4xx_hal_uart.o
 .comment       0x0000000000000038       0x38 /usr/lib/gcc/arm-none-eabi/4.9.3/../../../arm-none-eabi/lib/armv7e-m/fpu/libc_nano.a(lib_a-impure.o)
                                         0x39 (size before relaxing)
 .comment       0x0000000000000070       0x39 /usr/lib/gcc/arm-none-eabi/4.9.3/../../../arm-none-eabi/lib/armv7e-m/fpu/libc_nano.a(lib_a-init.o)
 .comment       0x0000000000000070       0x39 /usr/lib/gcc/arm-none-eabi/4.9.3/../../../arm-none-eabi/lib/armv7e-m/fpu/libc_nano.a(lib_a-memcpy.o)
 .comment       0x0000000000000070       0x39 /usr/lib/gcc/arm-none-eabi/4.9.3/../../../arm-none-eabi/lib/armv7e-m/fpu/libc_nano.a(lib_a-memset.o)
 .comment       0x0000000000000070       0x39 /usr/lib/gcc/arm-none-eabi/4.9.3/../../../arm-none-eabi/lib/armv7e-m/fpu/libc_nano.a(lib_a-sprintf.o)
 .comment       0x0000000000000070       0x39 /usr/lib/gcc/arm-none-eabi/4.9.3/../../../arm-none-eabi/lib/armv7e-m/fpu/libc_nano.a(lib_a-strcat.o)
 .comment       0x0000000000000070       0x39 /usr/lib/gcc/arm-none-eabi/4.9.3/../../../arm-none-eabi/lib/armv7e-m/fpu/libc_nano.a(lib_a-strcpy.o)
 .comment       0x0000000000000070       0x39 /usr/lib/gcc/arm-none-eabi/4.9.3/../../../arm-none-eabi/lib/armv7e-m/fpu/libc_nano.a(lib_a-strlen.o)
 .comment       0x0000000000000070       0x39 /usr/lib/gcc/arm-none-eabi/4.9.3/../../../arm-none-eabi/lib/armv7e-m/fpu/libc_nano.a(lib_a-nano-svfprintf.o)
 .comment       0x0000000000000070       0x39 /usr/lib/gcc/arm-none-eabi/4.9.3/../../../arm-none-eabi/lib/armv7e-m/fpu/libc_nano.a(lib_a-nano-vfprintf_i.o)
 .comment       0x0000000000000070       0x39 /usr/lib/gcc/arm-none-eabi/4.9.3/../../../arm-none-eabi/lib/armv7e-m/fpu/libc_nano.a(lib_a-memchr.o)
 .comment       0x0000000000000070       0x39 /usr/lib/gcc/arm-none-eabi/4.9.3/../../../arm-none-eabi/lib/armv7e-m/fpu/libc_nano.a(lib_a-memmove.o)
 .comment       0x0000000000000070       0x39 /usr/lib/gcc/arm-none-eabi/4.9.3/../../../arm-none-eabi/lib/armv7e-m/fpu/libc_nano.a(lib_a-nano-freer.o)
 .comment       0x0000000000000070       0x39 /usr/lib/gcc/arm-none-eabi/4.9.3/../../../arm-none-eabi/lib/armv7e-m/fpu/libc_nano.a(lib_a-nano-mallocr.o)
 .comment       0x0000000000000070       0x39 /usr/lib/gcc/arm-none-eabi/4.9.3/../../../arm-none-eabi/lib/armv7e-m/fpu/libc_nano.a(lib_a-nano-reallocr.o)
 .comment       0x0000000000000070       0x39 /usr/lib/gcc/arm-none-eabi/4.9.3/../../../arm-none-eabi/lib/armv7e-m/fpu/libc_nano.a(lib_a-sbrkr.o)
 .comment       0x0000000000000070       0x39 /usr/lib/gcc/arm-none-eabi/4.9.3/../../../arm-none-eabi/lib/armv7e-m/fpu/libc_nano.a(lib_a-nano-msizer.o)
 .comment       0x0000000000000070       0x39 /usr/lib/gcc/arm-none-eabi/4.9.3/../../../arm-none-eabi/lib/armv7e-m/fpu/libc_nano.a(lib_a-reent.o)
 .comment       0x0000000000000070       0x39 /usr/lib/gcc/arm-none-eabi/4.9.3/../../../arm-none-eabi/lib/armv7e-m/fpu/libnosys.a(sbrk.o)
 .comment       0x0000000000000070       0x39 /usr/lib/gcc/arm-none-eabi/4.9.3/armv7e-m/fpu/crtend.o

.debug_info     0x0000000000000000    0x261ef
 .debug_info    0x0000000000000000     0x1c49 build/xl_320.o
 .debug_info    0x0000000000001c49      0xcdf build/stm32f4xx_hal_cortex.o
 .debug_info    0x0000000000002928      0x51c build/system_stm32f4xx.o
 .debug_info    0x0000000000002e44     0x2615 build/stm32f4xx_hal_i2c.o
 .debug_info    0x0000000000005459     0x3396 build/main.o
 .debug_info    0x00000000000087ef      0x8c0 build/stm32f4xx_hal.o
 .debug_info    0x00000000000090af      0xb31 build/stm32f4xx_it.o
 .debug_info    0x0000000000009be0     0x12ff build/stm32f4xx_hal_msp.o
 .debug_info    0x000000000000aedf      0x779 build/stm32f4xx_hal_gpio.o
 .debug_info    0x000000000000b658     0x1138 build/stm32f4xx_hal_rcc.o
 .debug_info    0x000000000000c790     0x18ef build/X-NUCLEO-53L0A1.o
 .debug_info    0x000000000000e07f     0x512d build/vl53l0x_api.o
 .debug_info    0x00000000000131ac     0x289b build/vl53l0x_api_calibration.o
 .debug_info    0x0000000000015a47     0x37c6 build/vl53l0x_api_core.o
 .debug_info    0x000000000001920d     0x14e6 build/vl53l0x_platform.o
 .debug_info    0x000000000001a6f3     0x2fc1 build/stm32f4xx_hal_tim.o
 .debug_info    0x000000000001d6b4     0x1439 build/stm32f4xx_hal_tim_ex.o
 .debug_info    0x000000000001eaed     0x12ed build/stm32f4xx_hal_uart.o
 .debug_info    0x000000000001fdda       0x7a build/startup_stm32f401xe.o
 .debug_info    0x000000000001fe54      0x7d3 /usr/lib/gcc/arm-none-eabi/4.9.3/../../../arm-none-eabi/lib/armv7e-m/fpu/libc_nano.a(lib_a-impure.o)
 .debug_info    0x0000000000020627      0x105 /usr/lib/gcc/arm-none-eabi/4.9.3/../../../arm-none-eabi/lib/armv7e-m/fpu/libc_nano.a(lib_a-init.o)
 .debug_info    0x000000000002072c      0x104 /usr/lib/gcc/arm-none-eabi/4.9.3/../../../arm-none-eabi/lib/armv7e-m/fpu/libc_nano.a(lib_a-memcpy.o)
 .debug_info    0x0000000000020830       0xd3 /usr/lib/gcc/arm-none-eabi/4.9.3/../../../arm-none-eabi/lib/armv7e-m/fpu/libc_nano.a(lib_a-memset.o)
 .debug_info    0x0000000000020903      0x89a /usr/lib/gcc/arm-none-eabi/4.9.3/../../../arm-none-eabi/lib/armv7e-m/fpu/libc_nano.a(lib_a-sprintf.o)
 .debug_info    0x000000000002119d       0xc8 /usr/lib/gcc/arm-none-eabi/4.9.3/../../../arm-none-eabi/lib/armv7e-m/fpu/libc_nano.a(lib_a-strcat.o)
 .debug_info    0x0000000000021265       0xbd /usr/lib/gcc/arm-none-eabi/4.9.3/../../../arm-none-eabi/lib/armv7e-m/fpu/libc_nano.a(lib_a-strcpy.o)
 .debug_info    0x0000000000021322       0xcd /usr/lib/gcc/arm-none-eabi/4.9.3/../../../arm-none-eabi/lib/armv7e-m/fpu/libc_nano.a(lib_a-strlen.o)
 .debug_info    0x00000000000213ef      0xdf4 /usr/lib/gcc/arm-none-eabi/4.9.3/../../../arm-none-eabi/lib/armv7e-m/fpu/libc_nano.a(lib_a-nano-svfprintf.o)
 .debug_info    0x00000000000221e3      0xb5b /usr/lib/gcc/arm-none-eabi/4.9.3/../../../arm-none-eabi/lib/armv7e-m/fpu/libc_nano.a(lib_a-nano-vfprintf_i.o)
 .debug_info    0x0000000000022d3e       0xf8 /usr/lib/gcc/arm-none-eabi/4.9.3/../../../arm-none-eabi/lib/armv7e-m/fpu/libc_nano.a(lib_a-memchr.o)
 .debug_info    0x0000000000022e36      0x102 /usr/lib/gcc/arm-none-eabi/4.9.3/../../../arm-none-eabi/lib/armv7e-m/fpu/libc_nano.a(lib_a-memmove.o)
 .debug_info    0x0000000000022f38      0x81a /usr/lib/gcc/arm-none-eabi/4.9.3/../../../arm-none-eabi/lib/armv7e-m/fpu/libc_nano.a(lib_a-nano-freer.o)
 .debug_info    0x0000000000023752      0x8fb /usr/lib/gcc/arm-none-eabi/4.9.3/../../../arm-none-eabi/lib/armv7e-m/fpu/libc_nano.a(lib_a-nano-mallocr.o)
 .debug_info    0x000000000002404d      0x8b5 /usr/lib/gcc/arm-none-eabi/4.9.3/../../../arm-none-eabi/lib/armv7e-m/fpu/libc_nano.a(lib_a-nano-reallocr.o)
 .debug_info    0x0000000000024902      0x7a0 /usr/lib/gcc/arm-none-eabi/4.9.3/../../../arm-none-eabi/lib/armv7e-m/fpu/libc_nano.a(lib_a-sbrkr.o)
 .debug_info    0x00000000000250a2      0x7b9 /usr/lib/gcc/arm-none-eabi/4.9.3/../../../arm-none-eabi/lib/armv7e-m/fpu/libc_nano.a(lib_a-nano-msizer.o)
 .debug_info    0x000000000002585b      0x8fb /usr/lib/gcc/arm-none-eabi/4.9.3/../../../arm-none-eabi/lib/armv7e-m/fpu/libc_nano.a(lib_a-reent.o)
 .debug_info    0x0000000000026156       0x99 /usr/lib/gcc/arm-none-eabi/4.9.3/../../../arm-none-eabi/lib/armv7e-m/fpu/libnosys.a(sbrk.o)

.debug_abbrev   0x0000000000000000     0x4426
 .debug_abbrev  0x0000000000000000      0x28d build/xl_320.o
 .debug_abbrev  0x000000000000028d      0x2bf build/stm32f4xx_hal_cortex.o
 .debug_abbrev  0x000000000000054c      0x103 build/system_stm32f4xx.o
 .debug_abbrev  0x000000000000064f      0x25e build/stm32f4xx_hal_i2c.o
 .debug_abbrev  0x00000000000008ad      0x3b5 build/main.o
 .debug_abbrev  0x0000000000000c62      0x221 build/stm32f4xx_hal.o
 .debug_abbrev  0x0000000000000e83      0x19e build/stm32f4xx_it.o
 .debug_abbrev  0x0000000000001021      0x198 build/stm32f4xx_hal_msp.o
 .debug_abbrev  0x00000000000011b9      0x1f7 build/stm32f4xx_hal_gpio.o
 .debug_abbrev  0x00000000000013b0      0x31d build/stm32f4xx_hal_rcc.o
 .debug_abbrev  0x00000000000016cd      0x343 build/X-NUCLEO-53L0A1.o
 .debug_abbrev  0x0000000000001a10      0x2f6 build/vl53l0x_api.o
 .debug_abbrev  0x0000000000001d06      0x2de build/vl53l0x_api_calibration.o
 .debug_abbrev  0x0000000000001fe4      0x314 build/vl53l0x_api_core.o
 .debug_abbrev  0x00000000000022f8      0x20c build/vl53l0x_platform.o
 .debug_abbrev  0x0000000000002504      0x29b build/stm32f4xx_hal_tim.o
 .debug_abbrev  0x000000000000279f      0x290 build/stm32f4xx_hal_tim_ex.o
 .debug_abbrev  0x0000000000002a2f      0x293 build/stm32f4xx_hal_uart.o
 .debug_abbrev  0x0000000000002cc2       0x12 build/startup_stm32f401xe.o
 .debug_abbrev  0x0000000000002cd4      0x136 /usr/lib/gcc/arm-none-eabi/4.9.3/../../../arm-none-eabi/lib/armv7e-m/fpu/libc_nano.a(lib_a-impure.o)
 .debug_abbrev  0x0000000000002e0a       0xba /usr/lib/gcc/arm-none-eabi/4.9.3/../../../arm-none-eabi/lib/armv7e-m/fpu/libc_nano.a(lib_a-init.o)
 .debug_abbrev  0x0000000000002ec4       0xa4 /usr/lib/gcc/arm-none-eabi/4.9.3/../../../arm-none-eabi/lib/armv7e-m/fpu/libc_nano.a(lib_a-memcpy.o)
 .debug_abbrev  0x0000000000002f68       0x8e /usr/lib/gcc/arm-none-eabi/4.9.3/../../../arm-none-eabi/lib/armv7e-m/fpu/libc_nano.a(lib_a-memset.o)
 .debug_abbrev  0x0000000000002ff6      0x1bd /usr/lib/gcc/arm-none-eabi/4.9.3/../../../arm-none-eabi/lib/armv7e-m/fpu/libc_nano.a(lib_a-sprintf.o)
 .debug_abbrev  0x00000000000031b3       0x72 /usr/lib/gcc/arm-none-eabi/4.9.3/../../../arm-none-eabi/lib/armv7e-m/fpu/libc_nano.a(lib_a-strcat.o)
 .debug_abbrev  0x0000000000003225       0x72 /usr/lib/gcc/arm-none-eabi/4.9.3/../../../arm-none-eabi/lib/armv7e-m/fpu/libc_nano.a(lib_a-strcpy.o)
 .debug_abbrev  0x0000000000003297       0x8c /usr/lib/gcc/arm-none-eabi/4.9.3/../../../arm-none-eabi/lib/armv7e-m/fpu/libc_nano.a(lib_a-strlen.o)
 .debug_abbrev  0x0000000000003323      0x278 /usr/lib/gcc/arm-none-eabi/4.9.3/../../../arm-none-eabi/lib/armv7e-m/fpu/libc_nano.a(lib_a-nano-svfprintf.o)
 .debug_abbrev  0x000000000000359b      0x1fb /usr/lib/gcc/arm-none-eabi/4.9.3/../../../arm-none-eabi/lib/armv7e-m/fpu/libc_nano.a(lib_a-nano-vfprintf_i.o)
 .debug_abbrev  0x0000000000003796       0xab /usr/lib/gcc/arm-none-eabi/4.9.3/../../../arm-none-eabi/lib/armv7e-m/fpu/libc_nano.a(lib_a-memchr.o)
 .debug_abbrev  0x0000000000003841       0x9c /usr/lib/gcc/arm-none-eabi/4.9.3/../../../arm-none-eabi/lib/armv7e-m/fpu/libc_nano.a(lib_a-memmove.o)
 .debug_abbrev  0x00000000000038dd      0x1b6 /usr/lib/gcc/arm-none-eabi/4.9.3/../../../arm-none-eabi/lib/armv7e-m/fpu/libc_nano.a(lib_a-nano-freer.o)
 .debug_abbrev  0x0000000000003a93      0x250 /usr/lib/gcc/arm-none-eabi/4.9.3/../../../arm-none-eabi/lib/armv7e-m/fpu/libc_nano.a(lib_a-nano-mallocr.o)
 .debug_abbrev  0x0000000000003ce3      0x1cb /usr/lib/gcc/arm-none-eabi/4.9.3/../../../arm-none-eabi/lib/armv7e-m/fpu/libc_nano.a(lib_a-nano-reallocr.o)
 .debug_abbrev  0x0000000000003eae      0x1a2 /usr/lib/gcc/arm-none-eabi/4.9.3/../../../arm-none-eabi/lib/armv7e-m/fpu/libc_nano.a(lib_a-sbrkr.o)
 .debug_abbrev  0x0000000000004050      0x161 /usr/lib/gcc/arm-none-eabi/4.9.3/../../../arm-none-eabi/lib/armv7e-m/fpu/libc_nano.a(lib_a-nano-msizer.o)
 .debug_abbrev  0x00000000000041b1      0x1f2 /usr/lib/gcc/arm-none-eabi/4.9.3/../../../arm-none-eabi/lib/armv7e-m/fpu/libc_nano.a(lib_a-reent.o)
 .debug_abbrev  0x00000000000043a3       0x83 /usr/lib/gcc/arm-none-eabi/4.9.3/../../../arm-none-eabi/lib/armv7e-m/fpu/libnosys.a(sbrk.o)

.debug_loc      0x0000000000000000    0x184fe
 .debug_loc     0x0000000000000000     0x1d67 build/xl_320.o
 .debug_loc     0x0000000000001d67      0x545 build/stm32f4xx_hal_cortex.o
 .debug_loc     0x00000000000022ac      0x137 build/system_stm32f4xx.o
 .debug_loc     0x00000000000023e3     0x2fed build/stm32f4xx_hal_i2c.o
 .debug_loc     0x00000000000053d0      0xdbd build/main.o
 .debug_loc     0x000000000000618d      0x102 build/stm32f4xx_hal.o
 .debug_loc     0x000000000000628f       0x80 build/stm32f4xx_it.o
 .debug_loc     0x000000000000630f      0x21f build/stm32f4xx_hal_msp.o
 .debug_loc     0x000000000000652e      0x3a9 build/stm32f4xx_hal_gpio.o
 .debug_loc     0x00000000000068d7      0x9e3 build/stm32f4xx_hal_rcc.o
 .debug_loc     0x00000000000072ba      0x8ff build/X-NUCLEO-53L0A1.o
 .debug_loc     0x0000000000007bb9     0x43e3 build/vl53l0x_api.o
 .debug_loc     0x000000000000bf9c     0x1b38 build/vl53l0x_api_calibration.o
 .debug_loc     0x000000000000dad4     0x2c5e build/vl53l0x_api_core.o
 .debug_loc     0x0000000000010732      0xa7e build/vl53l0x_platform.o
 .debug_loc     0x00000000000111b0     0x3a98 build/stm32f4xx_hal_tim.o
 .debug_loc     0x0000000000014c48     0x1117 build/stm32f4xx_hal_tim_ex.o
 .debug_loc     0x0000000000015d5f     0x1252 build/stm32f4xx_hal_uart.o
 .debug_loc     0x0000000000016fb1       0x54 /usr/lib/gcc/arm-none-eabi/4.9.3/../../../arm-none-eabi/lib/armv7e-m/fpu/libc_nano.a(lib_a-init.o)
 .debug_loc     0x0000000000017005       0x87 /usr/lib/gcc/arm-none-eabi/4.9.3/../../../arm-none-eabi/lib/armv7e-m/fpu/libc_nano.a(lib_a-memcpy.o)
 .debug_loc     0x000000000001708c       0x57 /usr/lib/gcc/arm-none-eabi/4.9.3/../../../arm-none-eabi/lib/armv7e-m/fpu/libc_nano.a(lib_a-memset.o)
 .debug_loc     0x00000000000170e3       0x95 /usr/lib/gcc/arm-none-eabi/4.9.3/../../../arm-none-eabi/lib/armv7e-m/fpu/libc_nano.a(lib_a-sprintf.o)
 .debug_loc     0x0000000000017178       0x54 /usr/lib/gcc/arm-none-eabi/4.9.3/../../../arm-none-eabi/lib/armv7e-m/fpu/libc_nano.a(lib_a-strcat.o)
 .debug_loc     0x00000000000171cc       0x21 /usr/lib/gcc/arm-none-eabi/4.9.3/../../../arm-none-eabi/lib/armv7e-m/fpu/libc_nano.a(lib_a-strcpy.o)
 .debug_loc     0x00000000000171ed       0x21 /usr/lib/gcc/arm-none-eabi/4.9.3/../../../arm-none-eabi/lib/armv7e-m/fpu/libc_nano.a(lib_a-strlen.o)
 .debug_loc     0x000000000001720e      0x53f /usr/lib/gcc/arm-none-eabi/4.9.3/../../../arm-none-eabi/lib/armv7e-m/fpu/libc_nano.a(lib_a-nano-svfprintf.o)
 .debug_loc     0x000000000001774d      0x47b /usr/lib/gcc/arm-none-eabi/4.9.3/../../../arm-none-eabi/lib/armv7e-m/fpu/libc_nano.a(lib_a-nano-vfprintf_i.o)
 .debug_loc     0x0000000000017bc8       0xaa /usr/lib/gcc/arm-none-eabi/4.9.3/../../../arm-none-eabi/lib/armv7e-m/fpu/libc_nano.a(lib_a-memchr.o)
 .debug_loc     0x0000000000017c72       0xde /usr/lib/gcc/arm-none-eabi/4.9.3/../../../arm-none-eabi/lib/armv7e-m/fpu/libc_nano.a(lib_a-memmove.o)
 .debug_loc     0x0000000000017d50      0x172 /usr/lib/gcc/arm-none-eabi/4.9.3/../../../arm-none-eabi/lib/armv7e-m/fpu/libc_nano.a(lib_a-nano-freer.o)
 .debug_loc     0x0000000000017ec2      0x304 /usr/lib/gcc/arm-none-eabi/4.9.3/../../../arm-none-eabi/lib/armv7e-m/fpu/libc_nano.a(lib_a-nano-mallocr.o)
 .debug_loc     0x00000000000181c6      0x11b /usr/lib/gcc/arm-none-eabi/4.9.3/../../../arm-none-eabi/lib/armv7e-m/fpu/libc_nano.a(lib_a-nano-reallocr.o)
 .debug_loc     0x00000000000182e1       0x4d /usr/lib/gcc/arm-none-eabi/4.9.3/../../../arm-none-eabi/lib/armv7e-m/fpu/libc_nano.a(lib_a-sbrkr.o)
 .debug_loc     0x000000000001832e       0xb5 /usr/lib/gcc/arm-none-eabi/4.9.3/../../../arm-none-eabi/lib/armv7e-m/fpu/libc_nano.a(lib_a-nano-msizer.o)
 .debug_loc     0x00000000000183e3       0xfa /usr/lib/gcc/arm-none-eabi/4.9.3/../../../arm-none-eabi/lib/armv7e-m/fpu/libc_nano.a(lib_a-reent.o)
 .debug_loc     0x00000000000184dd       0x21 /usr/lib/gcc/arm-none-eabi/4.9.3/../../../arm-none-eabi/lib/armv7e-m/fpu/libnosys.a(sbrk.o)

.debug_aranges  0x0000000000000000     0x15f0
 .debug_aranges
                0x0000000000000000      0x1d8 build/xl_320.o
 .debug_aranges
                0x00000000000001d8       0x90 build/stm32f4xx_hal_cortex.o
 .debug_aranges
                0x0000000000000268       0x28 build/system_stm32f4xx.o
 .debug_aranges
                0x0000000000000290      0x1e8 build/stm32f4xx_hal_i2c.o
 .debug_aranges
                0x0000000000000478       0xf8 build/main.o
 .debug_aranges
                0x0000000000000570       0xc0 build/stm32f4xx_hal.o
 .debug_aranges
                0x0000000000000630       0x38 build/stm32f4xx_it.o
 .debug_aranges
                0x0000000000000668       0x50 build/stm32f4xx_hal_msp.o
 .debug_aranges
                0x00000000000006b8       0x58 build/stm32f4xx_hal_gpio.o
 .debug_aranges
                0x0000000000000710       0x88 build/stm32f4xx_hal_rcc.o
 .debug_aranges
                0x0000000000000798       0x78 build/X-NUCLEO-53L0A1.o
 .debug_aranges
                0x0000000000000810      0x330 build/vl53l0x_api.o
 .debug_aranges
                0x0000000000000b40       0xd0 build/vl53l0x_api_calibration.o
 .debug_aranges
                0x0000000000000c10       0xe0 build/vl53l0x_api_core.o
 .debug_aranges
                0x0000000000000cf0       0x78 build/vl53l0x_platform.o
 .debug_aranges
                0x0000000000000d68      0x358 build/stm32f4xx_hal_tim.o
 .debug_aranges
                0x00000000000010c0      0x140 build/stm32f4xx_hal_tim_ex.o
 .debug_aranges
                0x0000000000001200      0x148 build/stm32f4xx_hal_uart.o
 .debug_aranges
                0x0000000000001348       0x28 build/startup_stm32f401xe.o
 .debug_aranges
                0x0000000000001370       0x18 /usr/lib/gcc/arm-none-eabi/4.9.3/../../../arm-none-eabi/lib/armv7e-m/fpu/libc_nano.a(lib_a-impure.o)
 .debug_aranges
                0x0000000000001388       0x20 /usr/lib/gcc/arm-none-eabi/4.9.3/../../../arm-none-eabi/lib/armv7e-m/fpu/libc_nano.a(lib_a-init.o)
 .debug_aranges
                0x00000000000013a8       0x20 /usr/lib/gcc/arm-none-eabi/4.9.3/../../../arm-none-eabi/lib/armv7e-m/fpu/libc_nano.a(lib_a-memcpy.o)
 .debug_aranges
                0x00000000000013c8       0x20 /usr/lib/gcc/arm-none-eabi/4.9.3/../../../arm-none-eabi/lib/armv7e-m/fpu/libc_nano.a(lib_a-memset.o)
 .debug_aranges
                0x00000000000013e8       0x28 /usr/lib/gcc/arm-none-eabi/4.9.3/../../../arm-none-eabi/lib/armv7e-m/fpu/libc_nano.a(lib_a-sprintf.o)
 .debug_aranges
                0x0000000000001410       0x20 /usr/lib/gcc/arm-none-eabi/4.9.3/../../../arm-none-eabi/lib/armv7e-m/fpu/libc_nano.a(lib_a-strcat.o)
 .debug_aranges
                0x0000000000001430       0x20 /usr/lib/gcc/arm-none-eabi/4.9.3/../../../arm-none-eabi/lib/armv7e-m/fpu/libc_nano.a(lib_a-strcpy.o)
 .debug_aranges
                0x0000000000001450       0x20 /usr/lib/gcc/arm-none-eabi/4.9.3/../../../arm-none-eabi/lib/armv7e-m/fpu/libc_nano.a(lib_a-strlen.o)
 .debug_aranges
                0x0000000000001470       0x30 /usr/lib/gcc/arm-none-eabi/4.9.3/../../../arm-none-eabi/lib/armv7e-m/fpu/libc_nano.a(lib_a-nano-svfprintf.o)
 .debug_aranges
                0x00000000000014a0       0x28 /usr/lib/gcc/arm-none-eabi/4.9.3/../../../arm-none-eabi/lib/armv7e-m/fpu/libc_nano.a(lib_a-nano-vfprintf_i.o)
 .debug_aranges
                0x00000000000014c8       0x20 /usr/lib/gcc/arm-none-eabi/4.9.3/../../../arm-none-eabi/lib/armv7e-m/fpu/libc_nano.a(lib_a-memchr.o)
 .debug_aranges
                0x00000000000014e8       0x20 /usr/lib/gcc/arm-none-eabi/4.9.3/../../../arm-none-eabi/lib/armv7e-m/fpu/libc_nano.a(lib_a-memmove.o)
 .debug_aranges
                0x0000000000001508       0x20 /usr/lib/gcc/arm-none-eabi/4.9.3/../../../arm-none-eabi/lib/armv7e-m/fpu/libc_nano.a(lib_a-nano-freer.o)
 .debug_aranges
                0x0000000000001528       0x20 /usr/lib/gcc/arm-none-eabi/4.9.3/../../../arm-none-eabi/lib/armv7e-m/fpu/libc_nano.a(lib_a-nano-mallocr.o)
 .debug_aranges
                0x0000000000001548       0x20 /usr/lib/gcc/arm-none-eabi/4.9.3/../../../arm-none-eabi/lib/armv7e-m/fpu/libc_nano.a(lib_a-nano-reallocr.o)
 .debug_aranges
                0x0000000000001568       0x20 /usr/lib/gcc/arm-none-eabi/4.9.3/../../../arm-none-eabi/lib/armv7e-m/fpu/libc_nano.a(lib_a-sbrkr.o)
 .debug_aranges
                0x0000000000001588       0x20 /usr/lib/gcc/arm-none-eabi/4.9.3/../../../arm-none-eabi/lib/armv7e-m/fpu/libc_nano.a(lib_a-nano-msizer.o)
 .debug_aranges
                0x00000000000015a8       0x28 /usr/lib/gcc/arm-none-eabi/4.9.3/../../../arm-none-eabi/lib/armv7e-m/fpu/libc_nano.a(lib_a-reent.o)
 .debug_aranges
                0x00000000000015d0       0x20 /usr/lib/gcc/arm-none-eabi/4.9.3/../../../arm-none-eabi/lib/armv7e-m/fpu/libnosys.a(sbrk.o)

.debug_ranges   0x0000000000000000     0x1438
 .debug_ranges  0x0000000000000000      0x1c8 build/xl_320.o
 .debug_ranges  0x00000000000001c8       0x80 build/stm32f4xx_hal_cortex.o
 .debug_ranges  0x0000000000000248       0x18 build/system_stm32f4xx.o
 .debug_ranges  0x0000000000000260      0x1d8 build/stm32f4xx_hal_i2c.o
 .debug_ranges  0x0000000000000438       0xe8 build/main.o
 .debug_ranges  0x0000000000000520       0xb0 build/stm32f4xx_hal.o
 .debug_ranges  0x00000000000005d0       0x28 build/stm32f4xx_it.o
 .debug_ranges  0x00000000000005f8       0x40 build/stm32f4xx_hal_msp.o
 .debug_ranges  0x0000000000000638       0x48 build/stm32f4xx_hal_gpio.o
 .debug_ranges  0x0000000000000680       0x78 build/stm32f4xx_hal_rcc.o
 .debug_ranges  0x00000000000006f8       0x68 build/X-NUCLEO-53L0A1.o
 .debug_ranges  0x0000000000000760      0x320 build/vl53l0x_api.o
 .debug_ranges  0x0000000000000a80       0xc0 build/vl53l0x_api_calibration.o
 .debug_ranges  0x0000000000000b40       0xd0 build/vl53l0x_api_core.o
 .debug_ranges  0x0000000000000c10       0x68 build/vl53l0x_platform.o
 .debug_ranges  0x0000000000000c78      0x348 build/stm32f4xx_hal_tim.o
 .debug_ranges  0x0000000000000fc0      0x130 build/stm32f4xx_hal_tim_ex.o
 .debug_ranges  0x00000000000010f0      0x138 build/stm32f4xx_hal_uart.o
 .debug_ranges  0x0000000000001228       0x20 build/startup_stm32f401xe.o
 .debug_ranges  0x0000000000001248       0x10 /usr/lib/gcc/arm-none-eabi/4.9.3/../../../arm-none-eabi/lib/armv7e-m/fpu/libc_nano.a(lib_a-init.o)
 .debug_ranges  0x0000000000001258       0x10 /usr/lib/gcc/arm-none-eabi/4.9.3/../../../arm-none-eabi/lib/armv7e-m/fpu/libc_nano.a(lib_a-memcpy.o)
 .debug_ranges  0x0000000000001268       0x10 /usr/lib/gcc/arm-none-eabi/4.9.3/../../../arm-none-eabi/lib/armv7e-m/fpu/libc_nano.a(lib_a-memset.o)
 .debug_ranges  0x0000000000001278       0x18 /usr/lib/gcc/arm-none-eabi/4.9.3/../../../arm-none-eabi/lib/armv7e-m/fpu/libc_nano.a(lib_a-sprintf.o)
 .debug_ranges  0x0000000000001290       0x10 /usr/lib/gcc/arm-none-eabi/4.9.3/../../../arm-none-eabi/lib/armv7e-m/fpu/libc_nano.a(lib_a-strcat.o)
 .debug_ranges  0x00000000000012a0       0x10 /usr/lib/gcc/arm-none-eabi/4.9.3/../../../arm-none-eabi/lib/armv7e-m/fpu/libc_nano.a(lib_a-strcpy.o)
 .debug_ranges  0x00000000000012b0       0x10 /usr/lib/gcc/arm-none-eabi/4.9.3/../../../arm-none-eabi/lib/armv7e-m/fpu/libc_nano.a(lib_a-strlen.o)
 .debug_ranges  0x00000000000012c0       0x50 /usr/lib/gcc/arm-none-eabi/4.9.3/../../../arm-none-eabi/lib/armv7e-m/fpu/libc_nano.a(lib_a-nano-svfprintf.o)
 .debug_ranges  0x0000000000001310       0x60 /usr/lib/gcc/arm-none-eabi/4.9.3/../../../arm-none-eabi/lib/armv7e-m/fpu/libc_nano.a(lib_a-nano-vfprintf_i.o)
 .debug_ranges  0x0000000000001370       0x10 /usr/lib/gcc/arm-none-eabi/4.9.3/../../../arm-none-eabi/lib/armv7e-m/fpu/libc_nano.a(lib_a-memchr.o)
 .debug_ranges  0x0000000000001380       0x10 /usr/lib/gcc/arm-none-eabi/4.9.3/../../../arm-none-eabi/lib/armv7e-m/fpu/libc_nano.a(lib_a-memmove.o)
 .debug_ranges  0x0000000000001390       0x28 /usr/lib/gcc/arm-none-eabi/4.9.3/../../../arm-none-eabi/lib/armv7e-m/fpu/libc_nano.a(lib_a-nano-freer.o)
 .debug_ranges  0x00000000000013b8       0x28 /usr/lib/gcc/arm-none-eabi/4.9.3/../../../arm-none-eabi/lib/armv7e-m/fpu/libc_nano.a(lib_a-nano-mallocr.o)
 .debug_ranges  0x00000000000013e0       0x10 /usr/lib/gcc/arm-none-eabi/4.9.3/../../../arm-none-eabi/lib/armv7e-m/fpu/libc_nano.a(lib_a-nano-reallocr.o)
 .debug_ranges  0x00000000000013f0       0x10 /usr/lib/gcc/arm-none-eabi/4.9.3/../../../arm-none-eabi/lib/armv7e-m/fpu/libc_nano.a(lib_a-sbrkr.o)
 .debug_ranges  0x0000000000001400       0x10 /usr/lib/gcc/arm-none-eabi/4.9.3/../../../arm-none-eabi/lib/armv7e-m/fpu/libc_nano.a(lib_a-nano-msizer.o)
 .debug_ranges  0x0000000000001410       0x18 /usr/lib/gcc/arm-none-eabi/4.9.3/../../../arm-none-eabi/lib/armv7e-m/fpu/libc_nano.a(lib_a-reent.o)
 .debug_ranges  0x0000000000001428       0x10 /usr/lib/gcc/arm-none-eabi/4.9.3/../../../arm-none-eabi/lib/armv7e-m/fpu/libnosys.a(sbrk.o)

.debug_line     0x0000000000000000     0x8b89
 .debug_line    0x0000000000000000      0x6a8 build/xl_320.o
 .debug_line    0x00000000000006a8      0x2bc build/stm32f4xx_hal_cortex.o
 .debug_line    0x0000000000000964      0x12f build/system_stm32f4xx.o
 .debug_line    0x0000000000000a93      0xee9 build/stm32f4xx_hal_i2c.o
 .debug_line    0x000000000000197c      0x6c0 build/main.o
 .debug_line    0x000000000000203c      0x309 build/stm32f4xx_hal.o
 .debug_line    0x0000000000002345      0x1e5 build/stm32f4xx_it.o
 .debug_line    0x000000000000252a      0x266 build/stm32f4xx_hal_msp.o
 .debug_line    0x0000000000002790      0x2c9 build/stm32f4xx_hal_gpio.o
 .debug_line    0x0000000000002a59      0x553 build/stm32f4xx_hal_rcc.o
 .debug_line    0x0000000000002fac      0x3f4 build/X-NUCLEO-53L0A1.o
 .debug_line    0x00000000000033a0      0xd90 build/vl53l0x_api.o
 .debug_line    0x0000000000004130      0x6a1 build/vl53l0x_api_calibration.o
 .debug_line    0x00000000000047d1      0x87f build/vl53l0x_api_core.o
 .debug_line    0x0000000000005050      0x309 build/vl53l0x_platform.o
 .debug_line    0x0000000000005359      0xfd8 build/stm32f4xx_hal_tim.o
 .debug_line    0x0000000000006331      0x756 build/stm32f4xx_hal_tim_ex.o
 .debug_line    0x0000000000006a87      0x835 build/stm32f4xx_hal_uart.o
 .debug_line    0x00000000000072bc       0x74 build/startup_stm32f401xe.o
 .debug_line    0x0000000000007330       0xf4 /usr/lib/gcc/arm-none-eabi/4.9.3/../../../arm-none-eabi/lib/armv7e-m/fpu/libc_nano.a(lib_a-impure.o)
 .debug_line    0x0000000000007424       0xb9 /usr/lib/gcc/arm-none-eabi/4.9.3/../../../arm-none-eabi/lib/armv7e-m/fpu/libc_nano.a(lib_a-init.o)
 .debug_line    0x00000000000074dd       0xf0 /usr/lib/gcc/arm-none-eabi/4.9.3/../../../arm-none-eabi/lib/armv7e-m/fpu/libc_nano.a(lib_a-memcpy.o)
 .debug_line    0x00000000000075cd       0xf1 /usr/lib/gcc/arm-none-eabi/4.9.3/../../../arm-none-eabi/lib/armv7e-m/fpu/libc_nano.a(lib_a-memset.o)
 .debug_line    0x00000000000076be      0x1b3 /usr/lib/gcc/arm-none-eabi/4.9.3/../../../arm-none-eabi/lib/armv7e-m/fpu/libc_nano.a(lib_a-sprintf.o)
 .debug_line    0x0000000000007871       0xc0 /usr/lib/gcc/arm-none-eabi/4.9.3/../../../arm-none-eabi/lib/armv7e-m/fpu/libc_nano.a(lib_a-strcat.o)
 .debug_line    0x0000000000007931       0xbf /usr/lib/gcc/arm-none-eabi/4.9.3/../../../arm-none-eabi/lib/armv7e-m/fpu/libc_nano.a(lib_a-strcpy.o)
 .debug_line    0x00000000000079f0       0xf8 /usr/lib/gcc/arm-none-eabi/4.9.3/../../../arm-none-eabi/lib/armv7e-m/fpu/libc_nano.a(lib_a-strlen.o)
 .debug_line    0x0000000000007ae8      0x2d7 /usr/lib/gcc/arm-none-eabi/4.9.3/../../../arm-none-eabi/lib/armv7e-m/fpu/libc_nano.a(lib_a-nano-svfprintf.o)
 .debug_line    0x0000000000007dbf      0x300 /usr/lib/gcc/arm-none-eabi/4.9.3/../../../arm-none-eabi/lib/armv7e-m/fpu/libc_nano.a(lib_a-nano-vfprintf_i.o)
 .debug_line    0x00000000000080bf       0xf3 /usr/lib/gcc/arm-none-eabi/4.9.3/../../../arm-none-eabi/lib/armv7e-m/fpu/libc_nano.a(lib_a-memchr.o)
 .debug_line    0x00000000000081b2       0xfe /usr/lib/gcc/arm-none-eabi/4.9.3/../../../arm-none-eabi/lib/armv7e-m/fpu/libc_nano.a(lib_a-memmove.o)
 .debug_line    0x00000000000082b0      0x14c /usr/lib/gcc/arm-none-eabi/4.9.3/../../../arm-none-eabi/lib/armv7e-m/fpu/libc_nano.a(lib_a-nano-freer.o)
 .debug_line    0x00000000000083fc      0x19c /usr/lib/gcc/arm-none-eabi/4.9.3/../../../arm-none-eabi/lib/armv7e-m/fpu/libc_nano.a(lib_a-nano-mallocr.o)
 .debug_line    0x0000000000008598      0x181 /usr/lib/gcc/arm-none-eabi/4.9.3/../../../arm-none-eabi/lib/armv7e-m/fpu/libc_nano.a(lib_a-nano-reallocr.o)
 .debug_line    0x0000000000008719      0x165 /usr/lib/gcc/arm-none-eabi/4.9.3/../../../arm-none-eabi/lib/armv7e-m/fpu/libc_nano.a(lib_a-sbrkr.o)
 .debug_line    0x000000000000887e      0x110 /usr/lib/gcc/arm-none-eabi/4.9.3/../../../arm-none-eabi/lib/armv7e-m/fpu/libc_nano.a(lib_a-nano-msizer.o)
 .debug_line    0x000000000000898e      0x1a0 /usr/lib/gcc/arm-none-eabi/4.9.3/../../../arm-none-eabi/lib/armv7e-m/fpu/libc_nano.a(lib_a-reent.o)
 .debug_line    0x0000000000008b2e       0x5b /usr/lib/gcc/arm-none-eabi/4.9.3/../../../arm-none-eabi/lib/armv7e-m/fpu/libnosys.a(sbrk.o)

.debug_str      0x0000000000000000     0x87ce
 .debug_str     0x0000000000000000      0xe24 build/xl_320.o
                                        0xed0 (size before relaxing)
 .debug_str     0x0000000000000e24      0x6db build/stm32f4xx_hal_cortex.o
                                        0x971 (size before relaxing)
 .debug_str     0x00000000000014ff      0x12b build/system_stm32f4xx.o
                                        0x36a (size before relaxing)
 .debug_str     0x000000000000162a      0xaa9 build/stm32f4xx_hal_i2c.o
                                        0xcee (size before relaxing)
 .debug_str     0x00000000000020d3     0x1468 build/main.o
                                       0x1fce (size before relaxing)
 .debug_str     0x000000000000353b      0x1fa build/stm32f4xx_hal.o
                                        0x907 (size before relaxing)
 .debug_str     0x0000000000003735       0x81 build/stm32f4xx_it.o
                                        0xc83 (size before relaxing)
 .debug_str     0x00000000000037b6       0x8b build/stm32f4xx_hal_msp.o
                                       0x107e (size before relaxing)
 .debug_str     0x0000000000003841       0xf1 build/stm32f4xx_hal_gpio.o
                                        0x4d6 (size before relaxing)
 .debug_str     0x0000000000003932      0x159 build/stm32f4xx_hal_rcc.o
                                        0x6c9 (size before relaxing)
 .debug_str     0x0000000000003a8b      0x1a3 build/X-NUCLEO-53L0A1.o
                                        0xfb7 (size before relaxing)
 .debug_str     0x0000000000003c2e     0x16c8 build/vl53l0x_api.o
                                       0x2878 (size before relaxing)
 .debug_str     0x00000000000052f6      0x62c build/vl53l0x_api_calibration.o
                                       0x191e (size before relaxing)
 .debug_str     0x0000000000005922      0xbf2 build/vl53l0x_api_core.o
                                       0x1f39 (size before relaxing)
 .debug_str     0x0000000000006514       0x7d build/vl53l0x_platform.o
                                        0xfce (size before relaxing)
 .debug_str     0x0000000000006591      0xb70 build/stm32f4xx_hal_tim.o
                                       0x139d (size before relaxing)
 .debug_str     0x0000000000007101      0x499 build/stm32f4xx_hal_tim_ex.o
                                        0xc94 (size before relaxing)
 .debug_str     0x000000000000759a      0x2f7 build/stm32f4xx_hal_uart.o
                                        0xab9 (size before relaxing)
 .debug_str     0x0000000000007891      0x4e1 /usr/lib/gcc/arm-none-eabi/4.9.3/../../../arm-none-eabi/lib/armv7e-m/fpu/libc_nano.a(lib_a-impure.o)
                                        0x5ca (size before relaxing)